Archive member included because of file (symbol)

c:/program files (x86)/gnu tools arm embedded/4.7 2012q4/bin/../lib/gcc/arm-none-eabi/4.7.3/../../../../arm-none-eabi/lib/armv7e-m\libg.a(lib_a-rand.o)
                              ..\obj\menu.o (srand)
c:/program files (x86)/gnu tools arm embedded/4.7 2012q4/bin/../lib/gcc/arm-none-eabi/4.7.3/../../../../arm-none-eabi/lib/armv7e-m\libg.a(lib_a-strstr.o)
                              ..\obj\stm32_ub_uart.o (strstr)
c:/program files (x86)/gnu tools arm embedded/4.7 2012q4/bin/../lib/gcc/arm-none-eabi/4.7.3/../../../../arm-none-eabi/lib/armv7e-m\libg.a(lib_a-memchr.o)
                              c:/program files (x86)/gnu tools arm embedded/4.7 2012q4/bin/../lib/gcc/arm-none-eabi/4.7.3/../../../../arm-none-eabi/lib/armv7e-m\libg.a(lib_a-strstr.o) (memchr)
c:/program files (x86)/gnu tools arm embedded/4.7 2012q4/bin/../lib/gcc/arm-none-eabi/4.7.3/../../../../arm-none-eabi/lib/armv7e-m\libg.a(lib_a-memcmp.o)
                              c:/program files (x86)/gnu tools arm embedded/4.7 2012q4/bin/../lib/gcc/arm-none-eabi/4.7.3/../../../../arm-none-eabi/lib/armv7e-m\libg.a(lib_a-strstr.o) (memcmp)
c:/program files (x86)/gnu tools arm embedded/4.7 2012q4/bin/../lib/gcc/arm-none-eabi/4.7.3/../../../../arm-none-eabi/lib/armv7e-m\libg.a(lib_a-strchr.o)
                              c:/program files (x86)/gnu tools arm embedded/4.7 2012q4/bin/../lib/gcc/arm-none-eabi/4.7.3/../../../../arm-none-eabi/lib/armv7e-m\libg.a(lib_a-strstr.o) (strchr)

Allocating common symbols
Common symbol       size              file

HID_MOUSE_Data      0x4               ..\obj\usbh_hid_mouse.o
HID_Report          0x48              ..\obj\usbh_hid_core.o
Pinky_Skin          0x58              ..\obj\blinky.o
LCD_CurrentLayer    0x4               ..\obj\blinky.o
Clyde_Systic_Timer_ms
                    0x4               ..\obj\blinky.o
Room_Skin           0x140             ..\obj\blinky.o
Inky_Systic_Timer_ms
                    0x4               ..\obj\blinky.o
LCD_DISPLAY_MODE    0x1               ..\obj\blinky.o
hid_new_maus_data   0x4               ..\obj\blinky.o
Gui_Touch_Timer_ms  0x4               ..\obj\blinky.o
USBH_CfgDesc        0x200             ..\obj\usbh_stdreq.o
USB_MOUSE_DATA      0x8               ..\obj\blinky.o
USB_HID_HOST_STATUS
                    0x1               ..\obj\blinky.o
USB_OTG_Core_dev    0x5ac             ..\obj\stm32_ub_usb_hid_host.o
keyboard_timer      0x4               ..\obj\blinky.o
LCD_CurrentOrientation
                    0x4               ..\obj\blinky.o
Inky_Skin           0x58              ..\obj\blinky.o
Mode_Systic_Timer_ms
                    0x4               ..\obj\blinky.o
Game                0x24              ..\obj\blinky.o
HID_Machine         0x54              ..\obj\usbh_hid_core.o
Button_Skin         0x10              ..\obj\blinky.o
usb_status          0x1               ..\obj\pacman.o
GUI                 0x8               ..\obj\blinky.o
akt_usb_status      0x1               ..\obj\blinky.o
Player_Skin         0x48              ..\obj\blinky.o
Maze                0x5164            ..\obj\blinky.o
Touch_Data          0x6               ..\obj\blinky.o
Clyde_Skin          0x58              ..\obj\blinky.o
HID_Desc            0xa               ..\obj\usbh_hid_core.o
Blinky_Systic_Timer_ms
                    0x4               ..\obj\blinky.o
Pinky_Systic_Timer_ms
                    0x4               ..\obj\blinky.o
Player              0x3c              ..\obj\blinky.o
UART_RX             0x34              ..\obj\blinky.o
Clyde               0x3c              ..\obj\blinky.o
USB_Host            0x84              ..\obj\stm32_ub_usb_hid_host.o
Inky                0x3c              ..\obj\blinky.o
hid_autoconnect     0x4               ..\obj\blinky.o
Blinky              0x3c              ..\obj\blinky.o
LCD_CurrentFrameBuffer
                    0x4               ..\obj\blinky.o
Pinky               0x3c              ..\obj\blinky.o
HID_Setup           0x8               ..\obj\usbh_hid_core.o
Blinky_Skin         0x58              ..\obj\blinky.o
Player_Systick_Timer_ms
                    0x4               ..\obj\blinky.o
USB_KEY_DATA        0x5               ..\obj\blinky.o

Discarded input sections

 .text          0x00000000        0x0 ..\obj\blinky.o
 .data          0x00000000        0x0 ..\obj\blinky.o
 .bss           0x00000000        0x0 ..\obj\blinky.o
 .text.blinky_init
                0x00000000      0x138 ..\obj\blinky.o
 .text.blinky_move
                0x00000000      0x504 ..\obj\blinky.o
 .text.blinky_change_skin
                0x00000000      0x18c ..\obj\blinky.o
 .text.blinky_check_event
                0x00000000      0x108 ..\obj\blinky.o
 .text.blinky_calc_next_move
                0x00000000      0x634 ..\obj\blinky.o
 .text          0x00000000        0x0 ..\obj\inky.o
 .data          0x00000000        0x0 ..\obj\inky.o
[...]
Memory Configuration

Name             Origin             Length             Attributes
rom              0x08000000         0x00100000         xr
ram              0x20000000         0x00020000         xrw
ram1             0x10000000         0x00010000         xrw
*default*        0x00000000         0xffffffff

Linker script and memory map

                0x20020000                _eram = 0x20020000

.text           0x08000000     0xbd84
 *(.isr_vector)
 .isr_vector    0x08000000      0x1ac ..\obj\startup_stm32f4xx.o
                0x08000000                g_pfnVectors
 *(.text*)
 .text.USB_OTG_EnableCommonInt
                0x080001ac       0x44 ..\obj\usb_core.o
 .text.USB_OTG_CoreReset
                0x080001f0       0xa8 ..\obj\usb_core.o
 .text.USB_OTG_WritePacket
                0x08000298       0x84 ..\obj\usb_core.o
                0x08000298                USB_OTG_WritePacket
 .text.USB_OTG_ReadPacket
                0x0800031c       0x68 ..\obj\usb_core.o
                0x0800031c                USB_OTG_ReadPacket
 .text.USB_OTG_SelectCore
                0x08000384      0x1c4 ..\obj\usb_core.o
                0x08000384                USB_OTG_SelectCore
 .text.USB_OTG_CoreInit
                0x08000548      0x158 ..\obj\usb_core.o
                0x08000548                USB_OTG_CoreInit
 .text.USB_OTG_EnableGlobalInt
                0x080006a0       0x3c ..\obj\usb_core.o
                0x080006a0                USB_OTG_EnableGlobalInt
 .text.USB_OTG_DisableGlobalInt
                0x080006dc       0x40 ..\obj\usb_core.o
                0x080006dc                USB_OTG_DisableGlobalInt
 .text.USB_OTG_FlushTxFifo
                0x0800071c       0x80 ..\obj\usb_core.o
                0x0800071c                USB_OTG_FlushTxFifo
 .text.USB_OTG_FlushRxFifo
                0x0800079c       0x6c ..\obj\usb_core.o
                0x0800079c                USB_OTG_FlushRxFifo
 .text.USB_OTG_SetCurrentMode
                0x08000808       0x64 ..\obj\usb_core.o
                0x08000808                USB_OTG_SetCurrentMode
 .text.USB_OTG_GetMode
                0x0800086c       0x20 ..\obj\usb_core.o
                0x0800086c                USB_OTG_GetMode
 .text.USB_OTG_IsHostMode
                0x0800088c       0x24 ..\obj\usb_core.o
                0x0800088c                USB_OTG_IsHostMode
 .text.USB_OTG_ReadCoreItr
                0x080008b0       0x30 ..\obj\usb_core.o
                0x080008b0                USB_OTG_ReadCoreItr
 .text.USB_OTG_CoreInitHost
                0x080008e0      0x13c ..\obj\usb_core.o
                0x080008e0                USB_OTG_CoreInitHost
 .text.USB_OTG_IsEvenFrame
                0x08000a1c       0x28 ..\obj\usb_core.o
                0x08000a1c                USB_OTG_IsEvenFrame
 .text.USB_OTG_DriveVbus
                0x08000a44       0x80 ..\obj\usb_core.o
                0x08000a44                USB_OTG_DriveVbus
 .text.USB_OTG_EnableHostInt
                0x08000ac4       0x8c ..\obj\usb_core.o
                0x08000ac4                USB_OTG_EnableHostInt
 .text.USB_OTG_InitFSLSPClkSel
                0x08000b50       0x38 ..\obj\usb_core.o
                0x08000b50                USB_OTG_InitFSLSPClkSel
 .text.USB_OTG_ReadHPRT0
                0x08000b88       0x40 ..\obj\usb_core.o
                0x08000b88                USB_OTG_ReadHPRT0
 .text.USB_OTG_ReadHostAllChannels_intr
                0x08000bc8       0x1c ..\obj\usb_core.o
                0x08000bc8                USB_OTG_ReadHostAllChannels_intr
 .text.USB_OTG_ResetPort
                0x08000be4       0x54 ..\obj\usb_core.o
                0x08000be4                USB_OTG_ResetPort
 .text.USB_OTG_HC_Init
                0x08000c38      0x2d4 ..\obj\usb_core.o
                0x08000c38                USB_OTG_HC_Init
 .text.USB_OTG_HC_StartXfer
                0x08000f0c      0x308 ..\obj\usb_core.o
                0x08000f0c                USB_OTG_HC_StartXfer
 .text.USB_OTG_HC_Halt
                0x08001214       0xb0 ..\obj\usb_core.o
                0x08001214                USB_OTG_HC_Halt
 .text.USB_OTG_HC_DoPing
                0x080012c4       0x88 ..\obj\usb_core.o
                0x080012c4                USB_OTG_HC_DoPing
 .text.UB_SDRAM_Init
                0x0800134c       0xac ..\obj\stm32_ub_sdram.o
                0x0800134c                UB_SDRAM_Init
 .text.UB_SDRAM_Write16b
                0x080013f8       0x20 ..\obj\stm32_ub_sdram.o
                0x080013f8                UB_SDRAM_Write16b
 .text.UB_SDRAM_Read16b
                0x08001418       0x28 ..\obj\stm32_ub_sdram.o
                0x08001418                UB_SDRAM_Read16b
 .text.P_SDRAM_InitIO
                0x08001440      0x3b0 ..\obj\stm32_ub_sdram.o
                0x08001440                P_SDRAM_InitIO
 .text.P_SDRAM_InitFMC
                0x080017f0       0x94 ..\obj\stm32_ub_sdram.o
                0x080017f0                P_SDRAM_InitFMC
 .text.P_SDRAM_InitSequence
                0x08001884      0x134 ..\obj\stm32_ub_sdram.o
                0x08001884                P_SDRAM_InitSequence
 .text.P_SDRAM_delay
                0x080019b8       0x38 ..\obj\stm32_ub_sdram.o
 .text.UB_USB_HID_HOST_Init
                0x080019f0       0xec ..\obj\stm32_ub_usb_hid_host.o
                0x080019f0                UB_USB_HID_HOST_Init
 .text.UB_USB_HID_HOST_Do
                0x08001adc       0xb8 ..\obj\stm32_ub_usb_hid_host.o
                0x08001adc                UB_USB_HID_HOST_Do
 .text.UB_I2C3_Init
                0x08001b94      0x114 ..\obj\stm32_ub_i2c3.o
                0x08001b94                UB_I2C3_Init
 .text.UB_I2C3_ReadByte
                0x08001ca8      0x2a0 ..\obj\stm32_ub_i2c3.o
                0x08001ca8                UB_I2C3_ReadByte
 .text.UB_I2C3_WriteByte
                0x08001f48      0x1e0 ..\obj\stm32_ub_i2c3.o
                0x08001f48                UB_I2C3_WriteByte
 .text.UB_I2C3_Delay
                0x08002128       0x2c ..\obj\stm32_ub_i2c3.o
                0x08002128                UB_I2C3_Delay
 .text.P_I2C3_InitI2C
                0x08002154       0x58 ..\obj\stm32_ub_i2c3.o
                0x08002154                P_I2C3_InitI2C
 .text.P_I2C3_timeout
                0x080021ac       0x5c ..\obj\stm32_ub_i2c3.o
                0x080021ac                P_I2C3_timeout
 .text.USBH_Open_Channel
                0x08002208      0x108 ..\obj\usbh_hcs.o
                0x08002208                USBH_Open_Channel
 .text.USBH_Modify_Channel
                0x08002310       0x9c ..\obj\usbh_hcs.o
                0x08002310                USBH_Modify_Channel
 .text.USBH_Alloc_Channel
                0x080023ac       0x4c ..\obj\usbh_hcs.o
                0x080023ac                USBH_Alloc_Channel
 .text.USBH_Free_Channel
                0x080023f8       0x4c ..\obj\usbh_hcs.o
                0x080023f8                USBH_Free_Channel
 .text.USBH_DeAllocate_AllChannel
                0x08002444       0x44 ..\obj\usbh_hcs.o
                0x08002444                USBH_DeAllocate_AllChannel
 .text.USBH_GetFreeChannel
                0x08002488       0x54 ..\obj\usbh_hcs.o
 .text.USART_Init
                0x080024dc      0x1ac ..\obj\stm32f4xx_usart.o
                0x080024dc                USART_Init
 .text.USART_Cmd
                0x08002688       0x40 ..\obj\stm32f4xx_usart.o
                0x08002688                USART_Cmd
 .text.USART_OverSampling8Cmd
                0x080026c8       0x48 ..\obj\stm32f4xx_usart.o
                0x080026c8                USART_OverSampling8Cmd
 .text.USART_ReceiveData
                0x08002710       0x24 ..\obj\stm32f4xx_usart.o
                0x08002710                USART_ReceiveData
 .text.USART_ITConfig
                0x08002734       0xa4 ..\obj\stm32f4xx_usart.o
                0x08002734                USART_ITConfig
 .text.USART_GetITStatus
                0x080027d8       0xc4 ..\obj\stm32f4xx_usart.o
                0x080027d8                USART_GetITStatus
 .text.USBH_Get_DevDesc
                0x0800289c       0x5c ..\obj\usbh_stdreq.o
                0x0800289c                USBH_Get_DevDesc
 .text.USBH_Get_CfgDesc
                0x080028f8       0x90 ..\obj\usbh_stdreq.o
                0x080028f8                USBH_Get_CfgDesc
 .text.USBH_Get_StringDesc
                0x08002988       0x5c ..\obj\usbh_stdreq.o
                0x08002988                USBH_Get_StringDesc
 .text.USBH_GetDescriptor
                0x080029e4       0x64 ..\obj\usbh_stdreq.o
                0x080029e4                USBH_GetDescriptor
 .text.USBH_SetAddress
                0x08002a48       0x54 ..\obj\usbh_stdreq.o
                0x08002a48                USBH_SetAddress
 .text.USBH_SetCfg
                0x08002a9c       0x50 ..\obj\usbh_stdreq.o
                0x08002a9c                USBH_SetCfg
 .text.USBH_ClrFeature
                0x08002aec       0x84 ..\obj\usbh_stdreq.o
                0x08002aec                USBH_ClrFeature
 .text.USBH_ParseDevDesc
                0x08002b70       0xf0 ..\obj\usbh_stdreq.o
 .text.USBH_ParseCfgDesc
                0x08002c60      0x208 ..\obj\usbh_stdreq.o
 .text.USBH_ParseInterfaceDesc
                0x08002e68       0x5c ..\obj\usbh_stdreq.o
 .text.USBH_ParseEPDesc
                0x08002ec4       0x5c ..\obj\usbh_stdreq.o
 .text.USBH_ParseStringDesc
                0x08002f20       0x74 ..\obj\usbh_stdreq.o
 .text.USBH_GetNextDesc
                0x08002f94       0x34 ..\obj\usbh_stdreq.o
                0x08002f94                USBH_GetNextDesc
 .text.pacman_hw_init
                0x08002fc8       0x44 ..\obj\pacman.o
                0x08002fc8                pacman_hw_init
 .text.LTDC_Init
                0x0800300c      0x1e8 ..\obj\stm32f4xx_ltdc.o
                0x0800300c                LTDC_Init
 .text.LTDC_Cmd
                0x080031f4       0x4c ..\obj\stm32f4xx_ltdc.o
                0x080031f4                LTDC_Cmd
 .text.LTDC_DitherCmd
                0x08003240       0x4c ..\obj\stm32f4xx_ltdc.o
                0x08003240                LTDC_DitherCmd
 .text.LTDC_ReloadConfig
                0x0800328c       0x20 ..\obj\stm32f4xx_ltdc.o
                0x0800328c                LTDC_ReloadConfig
 .text.LTDC_LayerInit
                0x080032ac      0x150 ..\obj\stm32f4xx_ltdc.o
                0x080032ac                LTDC_LayerInit
 .text.LTDC_LayerCmd
                0x080033fc       0x38 ..\obj\stm32f4xx_ltdc.o
                0x080033fc                LTDC_LayerCmd
 .text.LTDC_LayerAlpha
                0x08003434       0x1c ..\obj\stm32f4xx_ltdc.o
                0x08003434                LTDC_LayerAlpha
 .text.Default_Reset_Handler
                0x08003450       0x6c ..\obj\startup_stm32f4xx.o
                0x08003450                Default_Reset_Handler
                0x08003450                Reset_Handler
 .text.Default_Handler
                0x080034bc        0x8 ..\obj\startup_stm32f4xx.o
                0x080034bc                RTC_Alarm_IRQHandler
                0x080034bc                HASH_RNG_IRQHandler
                0x080034bc                EXTI2_IRQHandler
                0x080034bc                TIM8_CC_IRQHandler
                0x080034bc                DebugMon_Handler
                0x080034bc                UART8_IRQHandler
                0x080034bc                SPI4_IRQHandler
                0x080034bc                TIM1_CC_IRQHandler
                0x080034bc                DMA2_Stream5_IRQHandler
                0x080034bc                HardFault_Handler
                0x080034bc                DMA1_Stream5_IRQHandler
                0x080034bc                PVD_IRQHandler
                0x080034bc                SDIO_IRQHandler
                0x080034bc                TAMP_STAMP_IRQHandler
                0x080034bc                PendSV_Handler
                0x080034bc                NMI_Handler
                0x080034bc                CAN2_RX1_IRQHandler
                0x080034bc                EXTI3_IRQHandler
                0x080034bc                TIM8_TRG_COM_TIM14_IRQHandler
                0x080034bc                TIM1_UP_TIM10_IRQHandler
                0x080034bc                TIM8_UP_TIM13_IRQHandler
                0x080034bc                I2C3_ER_IRQHandler
                0x080034bc                EXTI0_IRQHandler
                0x080034bc                I2C2_EV_IRQHandler
                0x080034bc                DMA1_Stream2_IRQHandler
                0x080034bc                CAN1_RX0_IRQHandler
                0x080034bc                FPU_IRQHandler
                0x080034bc                OTG_HS_WKUP_IRQHandler
                0x080034bc                UsageFault_Handler
                0x080034bc                LTDC_ER_IRQHandler
                0x080034bc                CAN2_SCE_IRQHandler
                0x080034bc                DMA2_Stream2_IRQHandler
                0x080034bc                SPI1_IRQHandler
                0x080034bc                TIM6_DAC_IRQHandler
                0x080034bc                TIM1_BRK_TIM9_IRQHandler
                0x080034bc                DCMI_IRQHandler
                0x080034bc                CAN2_RX0_IRQHandler
                0x080034bc                DMA2_Stream3_IRQHandler
                0x080034bc                CRYP_IRQHandler
                0x080034bc                CAN1_RX1_IRQHandler
                0x080034bc                UART5_IRQHandler
                0x080034bc                DMA2_Stream0_IRQHandler
                0x080034bc                TIM4_IRQHandler
                0x080034bc                I2C1_EV_IRQHandler
                0x080034bc                DMA1_Stream6_IRQHandler
                0x080034bc                DMA1_Stream1_IRQHandler
                0x080034bc                UART4_IRQHandler
                0x080034bc                TIM3_IRQHandler
                0x080034bc                RCC_IRQHandler
                0x080034bc                TIM8_BRK_TIM12_IRQHandler
                0x080034bc                EXTI15_10_IRQHandler
                0x080034bc                ADC_IRQHandler
                0x080034bc                DMA1_Stream7_IRQHandler
                0x080034bc                SPI5_IRQHandler
                0x080034bc                CAN2_TX_IRQHandler
                0x080034bc                TIM5_IRQHandler
                0x080034bc                DMA2_Stream7_IRQHandler
                0x080034bc                I2C3_EV_IRQHandler
                0x080034bc                EXTI9_5_IRQHandler
                0x080034bc                RTC_WKUP_IRQHandler
                0x080034bc                LTDC_IRQHandler
                0x080034bc                ETH_WKUP_IRQHandler
                0x080034bc                SPI2_IRQHandler
                0x080034bc                OTG_HS_EP1_IN_IRQHandler
                0x080034bc                MemManage_Handler
                0x080034bc                DMA1_Stream0_IRQHandler
                0x080034bc                CAN1_TX_IRQHandler
                0x080034bc                SVC_Handler
                0x080034bc                EXTI4_IRQHandler
                0x080034bc                ETH_IRQHandler
                0x080034bc                OTG_HS_EP1_OUT_IRQHandler
                0x080034bc                WWDG_IRQHandler
                0x080034bc                SPI6_IRQHandler
                0x080034bc                TIM2_IRQHandler
                0x080034bc                OTG_FS_WKUP_IRQHandler
                0x080034bc                TIM1_TRG_COM_TIM11_IRQHandler
                0x080034bc                DMA2D_IRQHandler
                0x080034bc                EXTI1_IRQHandler
                0x080034bc                UART7_IRQHandler
                0x080034bc                I2C2_ER_IRQHandler
                0x080034bc                DMA2_Stream1_IRQHandler
                0x080034bc                CAN1_SCE_IRQHandler
                0x080034bc                FLASH_IRQHandler
                0x080034bc                DMA2_Stream4_IRQHandler
                0x080034bc                BusFault_Handler
                0x080034bc                OTG_FS_IRQHandler
                0x080034bc                SPI3_IRQHandler
                0x080034bc                DMA1_Stream4_IRQHandler
                0x080034bc                I2C1_ER_IRQHandler
                0x080034bc                FMC_IRQHandler
                0x080034bc                DMA2_Stream6_IRQHandler
                0x080034bc                SAI1_IRQHandler
                0x080034bc                DMA1_Stream3_IRQHandler
 .text.MOUSE_Init
                0x080034c4        0xc ..\obj\usbh_hid_mouse.o
 .text.MOUSE_Decode
                0x080034d0       0x48 ..\obj\usbh_hid_mouse.o
 .text.gui_clear_screen
                0x08003518       0x1c ..\obj\gui.o
                0x08003518                gui_clear_screen
 .text.main     0x08003534       0x4c ..\obj\main.o
                0x08003534                main
 .text.RCC_PLLSAIConfig
                0x08003580       0x38 ..\obj\stm32f4xx_rcc.o
                0x08003580                RCC_PLLSAIConfig
 .text.RCC_PLLSAICmd
                0x080035b8       0x20 ..\obj\stm32f4xx_rcc.o
                0x080035b8                RCC_PLLSAICmd
 .text.RCC_GetClocksFreq
                0x080035d8      0x1cc ..\obj\stm32f4xx_rcc.o
                0x080035d8                RCC_GetClocksFreq
 .text.RCC_LTDCCLKDivConfig
                0x080037a4       0x44 ..\obj\stm32f4xx_rcc.o
                0x080037a4                RCC_LTDCCLKDivConfig
 .text.RCC_AHB1PeriphClockCmd
                0x080037e8       0x54 ..\obj\stm32f4xx_rcc.o
                0x080037e8                RCC_AHB1PeriphClockCmd
 .text.RCC_AHB3PeriphClockCmd
                0x0800383c       0x54 ..\obj\stm32f4xx_rcc.o
                0x0800383c                RCC_AHB3PeriphClockCmd
 .text.RCC_APB1PeriphClockCmd
                0x08003890       0x54 ..\obj\stm32f4xx_rcc.o
                0x08003890                RCC_APB1PeriphClockCmd
 .text.RCC_APB2PeriphClockCmd
                0x080038e4       0x54 ..\obj\stm32f4xx_rcc.o
                0x080038e4                RCC_APB2PeriphClockCmd
 .text.RCC_APB1PeriphResetCmd
                0x08003938       0x54 ..\obj\stm32f4xx_rcc.o
                0x08003938                RCC_APB1PeriphResetCmd
 .text.RCC_APB2PeriphResetCmd
                0x0800398c       0x54 ..\obj\stm32f4xx_rcc.o
                0x0800398c                RCC_APB2PeriphResetCmd
 .text.RCC_GetFlagStatus
                0x080039e0       0x90 ..\obj\stm32f4xx_rcc.o
                0x080039e0                RCC_GetFlagStatus
 .text.NVIC_SetPriority
                0x08003a70       0x5c ..\obj\stm32_ub_systick.o
 .text.SysTick_Config
                0x08003acc       0x64 ..\obj\stm32_ub_systick.o
 .text.UB_Systick_Init
                0x08003b30       0x90 ..\obj\stm32_ub_systick.o
                0x08003b30                UB_Systick_Init
 .text.SysTick_Handler
                0x08003bc0      0x170 ..\obj\stm32_ub_systick.o
                0x08003bc0                SysTick_Handler
 .text.PutChar  0x08003d30       0x24 ..\obj\printf.o
                0x08003d30                PutChar
 .text.PutString
                0x08003d54       0x48 ..\obj\printf.o
                0x08003d54                PutString
 .text.PutUnsignedInt
                0x08003d9c       0xbc ..\obj\printf.o
                0x08003d9c                PutUnsignedInt
 .text.PutSignedInt
                0x08003e58      0x12c ..\obj\printf.o
                0x08003e58                PutSignedInt
 .text.PutHexa  0x08003f84       0xe8 ..\obj\printf.o
                0x08003f84                PutHexa
 .text.vsnprintf
                0x0800406c      0x2a4 ..\obj\printf.o
                0x0800406c                vsnprintf
 .text.vsprintf
                0x08004310       0x28 ..\obj\printf.o
                0x08004310                vsprintf
 .text.sprintf  0x08004338       0x30 ..\obj\printf.o
                0x08004338                sprintf
 .text.USBH_HID_InterfaceInit
                0x08004368      0x248 ..\obj\usbh_hid_core.o
 .text.USBH_HID_InterfaceDeInit
                0x080045b0       0xb0 ..\obj\usbh_hid_core.o
 .text.USBH_HID_ClassRequest
                0x08004660      0x134 ..\obj\usbh_hid_core.o
 .text.USBH_HID_Handle
                0x08004794      0x1d4 ..\obj\usbh_hid_core.o
 .text.USBH_Get_HID_ReportDescriptor
                0x08004968       0x3c ..\obj\usbh_hid_core.o
 .text.USBH_Get_HID_Descriptor
                0x080049a4       0x3c ..\obj\usbh_hid_core.o
 .text.USBH_Set_Idle
                0x080049e0       0x60 ..\obj\usbh_hid_core.o
 .text.USBH_Set_Protocol
                0x08004a40       0x64 ..\obj\usbh_hid_core.o
 .text.USBH_ParseHIDDesc
                0x08004aa4       0x7c ..\obj\usbh_hid_core.o
 .text.UB_Button_Init
                0x08004b20       0xc4 ..\obj\stm32_ub_button.o
                0x08004b20                UB_Button_Init
 .text.P_Button_InitTIM
                0x08004be4       0x64 ..\obj\stm32_ub_button.o
                0x08004be4                P_Button_InitTIM
 .text.P_Button_InitNVIC
                0x08004c48       0x44 ..\obj\stm32_ub_button.o
                0x08004c48                P_Button_InitNVIC
 .text.TIM7_IRQHandler
                0x08004c8c       0x9c ..\obj\stm32_ub_button.o
                0x08004c8c                TIM7_IRQHandler
 .text.UB_Uart_Init
                0x08004d28      0x404 ..\obj\stm32_ub_uart.o
                0x08004d28                UB_Uart_Init
 .text.UB_Uart_ReceiveString
                0x0800512c      0x164 ..\obj\stm32_ub_uart.o
                0x0800512c                UB_Uart_ReceiveString
 .text.P_UART_Receive
                0x08005290      0x150 ..\obj\stm32_ub_uart.o
                0x08005290                P_UART_Receive
 .text.P_UART_RX_INT
                0x080053e0       0x60 ..\obj\stm32_ub_uart.o
                0x080053e0                P_UART_RX_INT
 .text.USART1_IRQHandler
                0x08005440       0x40 ..\obj\stm32_ub_uart.o
                0x08005440                USART1_IRQHandler
 .text.USART2_IRQHandler
                0x08005480       0x40 ..\obj\stm32_ub_uart.o
                0x08005480                USART2_IRQHandler
 .text.USART3_IRQHandler
                0x080054c0       0x40 ..\obj\stm32_ub_uart.o
                0x080054c0                USART3_IRQHandler
 .text.USART6_IRQHandler
                0x08005500       0x40 ..\obj\stm32_ub_uart.o
                0x08005500                USART6_IRQHandler
 .text.UART_CheckButton
                0x08005540       0xb0 ..\obj\stm32_ub_uart.o
                0x08005540                UART_CheckButton
 .text.UB_LCD_Init
                0x080055f0       0x98 ..\obj\stm32_ub_lcd_ili9341.o
                0x080055f0                UB_LCD_Init
 .text.UB_LCD_LayerInit_Fullscreen
                0x08005688       0xe4 ..\obj\stm32_ub_lcd_ili9341.o
                0x08005688                UB_LCD_LayerInit_Fullscreen
 .text.UB_LCD_SetLayer_2
                0x0800576c       0x2c ..\obj\stm32_ub_lcd_ili9341.o
                0x0800576c                UB_LCD_SetLayer_2
 .text.UB_LCD_FillLayer
                0x08005798       0x4c ..\obj\stm32_ub_lcd_ili9341.o
                0x08005798                UB_LCD_FillLayer
 .text.UB_LCD_SetTransparency
                0x080057e4       0x4c ..\obj\stm32_ub_lcd_ili9341.o
                0x080057e4                UB_LCD_SetTransparency
 .text.UB_LCD_SetCursor2Draw
                0x08005830       0x74 ..\obj\stm32_ub_lcd_ili9341.o
                0x08005830                UB_LCD_SetCursor2Draw
 .text.UB_LCD_DrawPixel
                0x080058a4      0x154 ..\obj\stm32_ub_lcd_ili9341.o
                0x080058a4                UB_LCD_DrawPixel
 .text.P_LCD9341_InitIO
                0x080059f8       0x8c ..\obj\stm32_ub_lcd_ili9341.o
                0x080059f8                P_LCD9341_InitIO
 .text.P_LCD9341_InitLTCD
                0x08005a84       0xc0 ..\obj\stm32_ub_lcd_ili9341.o
                0x08005a84                P_LCD9341_InitLTCD
 .text.P_LCD9341_CS
                0x08005b44       0x38 ..\obj\stm32_ub_lcd_ili9341.o
                0x08005b44                P_LCD9341_CS
 .text.P_LCD9341_WRX
                0x08005b7c       0x38 ..\obj\stm32_ub_lcd_ili9341.o
                0x08005b7c                P_LCD9341_WRX
 .text.P_LCD9341_InitChip
                0x08005bb4      0x368 ..\obj\stm32_ub_lcd_ili9341.o
                0x08005bb4                P_LCD9341_InitChip
 .text.P_LCD9341_CMD
                0x08005f1c       0x3c ..\obj\stm32_ub_lcd_ili9341.o
                0x08005f1c                P_LCD9341_CMD
 .text.P_LCD9341_DATA
                0x08005f58       0x3c ..\obj\stm32_ub_lcd_ili9341.o
                0x08005f58                P_LCD9341_DATA
 .text.P_LCD9341_AFConfig
                0x08005f94      0x270 ..\obj\stm32_ub_lcd_ili9341.o
                0x08005f94                P_LCD9341_AFConfig
 .text.P_LCD9341_Delay
                0x08006204       0x2c ..\obj\stm32_ub_lcd_ili9341.o
                0x08006204                P_LCD9341_Delay
 .text.USBH_Connected
                0x08006230       0x24 ..\obj\usbh_core.o
                0x08006230                USBH_Connected
 .text.USBH_Disconnected
                0x08006254       0x24 ..\obj\usbh_core.o
                0x08006254                USBH_Disconnected
 .text.USBH_SOF
                0x08006278       0x18 ..\obj\usbh_core.o
                0x08006278                USBH_SOF
 .text.USBH_Init
                0x08006290       0x58 ..\obj\usbh_core.o
                0x08006290                USBH_Init
 .text.USBH_DeInit
                0x080062e8       0x74 ..\obj\usbh_core.o
                0x080062e8                USBH_DeInit
 .text.USBH_Process
                0x0800635c      0x26c ..\obj\usbh_core.o
                0x0800635c                USBH_Process
 .text.USBH_ErrorHandle
                0x080065c8       0x4c ..\obj\usbh_core.o
                0x080065c8                USBH_ErrorHandle
 .text.USBH_HandleEnum
                0x08006614      0x340 ..\obj\usbh_core.o
 .text.USBH_HandleControl
                0x08006954      0x3ac ..\obj\usbh_core.o
                0x08006954                USBH_HandleControl
 .text.GPIO_Init
                0x08006d00      0x144 ..\obj\stm32f4xx_gpio.o
                0x08006d00                GPIO_Init
 .text.GPIO_ReadInputDataBit
                0x08006e44       0x3c ..\obj\stm32f4xx_gpio.o
                0x08006e44                GPIO_ReadInputDataBit
 .text.GPIO_SetBits
                0x08006e80       0x1c ..\obj\stm32f4xx_gpio.o
                0x08006e80                GPIO_SetBits
 .text.GPIO_ResetBits
                0x08006e9c       0x1c ..\obj\stm32f4xx_gpio.o
                0x08006e9c                GPIO_ResetBits
 .text.GPIO_PinAFConfig
                0x08006eb8       0xa8 ..\obj\stm32f4xx_gpio.o
                0x08006eb8                GPIO_PinAFConfig
 .text.UB_Font_DrawChar
                0x08006f60      0x170 ..\obj\stm32_ub_font.o
                0x08006f60                UB_Font_DrawChar
 .text.UB_Font_DrawString
                0x080070d0       0xa4 ..\obj\stm32_ub_font.o
                0x080070d0                UB_Font_DrawString
 .text.SystemInit
                0x08007174       0x94 ..\obj\system_stm32f4xx.o
                0x08007174                SystemInit
 .text.SetSysClock
                0x08007208      0x1e0 ..\obj\system_stm32f4xx.o
 .text.UB_SPI5_Init
                0x080073e8      0x270 ..\obj\stm32_ub_spi5.o
                0x080073e8                UB_SPI5_Init
 .text.UB_SPI5_SendByte
                0x08007658       0x70 ..\obj\stm32_ub_spi5.o
                0x08007658                UB_SPI5_SendByte
 .text.USBH_USR_Init
                0x080076c8        0xc ..\obj\usbh_usr.o
                0x080076c8                USBH_USR_Init
 .text.USBH_USR_DeviceAttached
                0x080076d4       0x18 ..\obj\usbh_usr.o
                0x080076d4                USBH_USR_DeviceAttached
 .text.USBH_USR_UnrecoveredError
                0x080076ec       0x18 ..\obj\usbh_usr.o
                0x080076ec                USBH_USR_UnrecoveredError
 .text.USBH_USR_DeviceDisconnected
                0x08007704       0x18 ..\obj\usbh_usr.o
                0x08007704                USBH_USR_DeviceDisconnected
 .text.USBH_USR_ResetDevice
                0x0800771c        0xc ..\obj\usbh_usr.o
                0x0800771c                USBH_USR_ResetDevice
 .text.USBH_USR_DeviceSpeedDetected
                0x08007728       0x40 ..\obj\usbh_usr.o
                0x08007728                USBH_USR_DeviceSpeedDetected
 .text.USBH_USR_Device_DescAvailable
                0x08007768       0x14 ..\obj\usbh_usr.o
                0x08007768                USBH_USR_Device_DescAvailable
 .text.USBH_USR_DeviceAddressAssigned
                0x0800777c        0xc ..\obj\usbh_usr.o
                0x0800777c                USBH_USR_DeviceAddressAssigned
 .text.USBH_USR_Configuration_DescAvailable
                0x08007788       0x18 ..\obj\usbh_usr.o
                0x08007788                USBH_USR_Configuration_DescAvailable
 .text.USBH_USR_Manufacturer_String
                0x080077a0       0x14 ..\obj\usbh_usr.o
                0x080077a0                USBH_USR_Manufacturer_String
 .text.USBH_USR_Product_String
                0x080077b4       0x14 ..\obj\usbh_usr.o
                0x080077b4                USBH_USR_Product_String
 .text.USBH_USR_SerialNum_String
                0x080077c8       0x14 ..\obj\usbh_usr.o
                0x080077c8                USBH_USR_SerialNum_String
 .text.USBH_USR_EnumerationDone
                0x080077dc       0x18 ..\obj\usbh_usr.o
                0x080077dc                USBH_USR_EnumerationDone
 .text.USBH_USR_DeviceNotSupported
                0x080077f4       0x18 ..\obj\usbh_usr.o
                0x080077f4                USBH_USR_DeviceNotSupported
 .text.USBH_USR_UserInput
                0x0800780c       0x3c ..\obj\usbh_usr.o
                0x0800780c                USBH_USR_UserInput
 .text.USBH_USR_OverCurrentDetected
                0x08007848       0x18 ..\obj\usbh_usr.o
                0x08007848                USBH_USR_OverCurrentDetected
 .text.USBH_USR_DeInit
                0x08007860       0x18 ..\obj\usbh_usr.o
                0x08007860                USBH_USR_DeInit
 .text.USR_MOUSE_Init
                0x08007878       0x88 ..\obj\usbh_usr.o
                0x08007878                USR_MOUSE_Init
 .text.USR_MOUSE_ProcessData
                0x08007900       0xbc ..\obj\usbh_usr.o
                0x08007900                USR_MOUSE_ProcessData
 .text.USR_KEYBRD_Init
                0x080079bc       0x60 ..\obj\usbh_usr.o
                0x080079bc                USR_KEYBRD_Init
 .text.USR_UB_KEYBRD_ProcessData
                0x08007a1c       0x54 ..\obj\usbh_usr.o
                0x08007a1c                USR_UB_KEYBRD_ProcessData
 .text.HID_MOUSE_UpdatePosition
                0x08007a70      0x140 ..\obj\usbh_usr.o
                0x08007a70                HID_MOUSE_UpdatePosition
 .text.HID_MOUSE_ButtonPressed
                0x08007bb0       0x60 ..\obj\usbh_usr.o
                0x08007bb0                HID_MOUSE_ButtonPressed
 .text.HID_MOUSE_ButtonReleased
                0x08007c10       0x60 ..\obj\usbh_usr.o
                0x08007c10                HID_MOUSE_ButtonReleased
 .text.USB_OTG_BSP_Init
                0x08007c70       0xa4 ..\obj\usb_bsp.o
                0x08007c70                USB_OTG_BSP_Init
 .text.USB_OTG_BSP_EnableInterrupt
                0x08007d14       0x34 ..\obj\usb_bsp.o
                0x08007d14                USB_OTG_BSP_EnableInterrupt
 .text.USB_OTG_BSP_DriveVBUS
                0x08007d48       0x3c ..\obj\usb_bsp.o
                0x08007d48                USB_OTG_BSP_DriveVBUS
 .text.USB_OTG_BSP_ConfigVBUS
                0x08007d84       0x64 ..\obj\usb_bsp.o
                0x08007d84                USB_OTG_BSP_ConfigVBUS
 .text.USB_OTG_BSP_uDelay
                0x08007de8       0x58 ..\obj\usb_bsp.o
                0x08007de8                USB_OTG_BSP_uDelay
 .text.USB_OTG_BSP_mDelay
                0x08007e40       0x20 ..\obj\usb_bsp.o
                0x08007e40                USB_OTG_BSP_mDelay
 .text.OTG_HS_IRQHandler
                0x08007e60       0x14 ..\obj\usb_bsp.o
                0x08007e60                OTG_HS_IRQHandler
 .text.FMC_SDRAMInit
                0x08007e74      0x1b8 ..\obj\stm32f4xx_fmc.o
                0x08007e74                FMC_SDRAMInit
 .text.FMC_SDRAMCmdConfig
                0x0800802c       0x48 ..\obj\stm32f4xx_fmc.o
                0x0800802c                FMC_SDRAMCmdConfig
 .text.FMC_SetRefreshCount
                0x08008074       0x30 ..\obj\stm32f4xx_fmc.o
                0x08008074                FMC_SetRefreshCount
 .text.FMC_GetFlagStatus
                0x080080a4       0x8c ..\obj\stm32f4xx_fmc.o
                0x080080a4                FMC_GetFlagStatus
 .text.HCD_Init
                0x08008130       0xa8 ..\obj\usb_hcd.o
                0x08008130                HCD_Init
 .text.HCD_GetCurrentSpeed
                0x080081d8       0x28 ..\obj\usb_hcd.o
                0x080081d8                HCD_GetCurrentSpeed
 .text.HCD_ResetPort
                0x08008200       0x1c ..\obj\usb_hcd.o
                0x08008200                HCD_ResetPort
 .text.HCD_IsDeviceConnected
                0x0800821c       0x1c ..\obj\usb_hcd.o
                0x0800821c                HCD_IsDeviceConnected
 .text.HCD_GetCurrentFrame
                0x08008238       0x24 ..\obj\usb_hcd.o
                0x08008238                HCD_GetCurrentFrame
 .text.HCD_GetURB_State
                0x0800825c       0x24 ..\obj\usb_hcd.o
                0x0800825c                HCD_GetURB_State
 .text.HCD_SubmitRequest
                0x08008280       0x44 ..\obj\usb_hcd.o
                0x08008280                HCD_SubmitRequest
 .text.SPI_I2S_DeInit
                0x080082c4      0x100 ..\obj\stm32f4xx_spi.o
                0x080082c4                SPI_I2S_DeInit
 .text.SPI_Init
                0x080083c4       0x88 ..\obj\stm32f4xx_spi.o
                0x080083c4                SPI_Init
 .text.SPI_Cmd  0x0800844c       0x40 ..\obj\stm32f4xx_spi.o
                0x0800844c                SPI_Cmd
 .text.SPI_I2S_ReceiveData
                0x0800848c       0x1c ..\obj\stm32f4xx_spi.o
                0x0800848c                SPI_I2S_ReceiveData
 .text.SPI_I2S_SendData
                0x080084a8       0x1c ..\obj\stm32f4xx_spi.o
                0x080084a8                SPI_I2S_SendData
 .text.SPI_I2S_GetFlagStatus
                0x080084c4       0x40 ..\obj\stm32f4xx_spi.o
                0x080084c4                SPI_I2S_GetFlagStatus
 .text.I2C_DeInit
                0x08008504       0x88 ..\obj\stm32f4xx_i2c.o
                0x08008504                I2C_DeInit
 .text.I2C_Init
                0x0800858c      0x1ac ..\obj\stm32f4xx_i2c.o
                0x0800858c                I2C_Init
 .text.I2C_Cmd  0x08008738       0x40 ..\obj\stm32f4xx_i2c.o
                0x08008738                I2C_Cmd
 .text.I2C_GenerateSTART
                0x08008778       0x40 ..\obj\stm32f4xx_i2c.o
                0x08008778                I2C_GenerateSTART
 .text.I2C_GenerateSTOP
                0x080087b8       0x40 ..\obj\stm32f4xx_i2c.o
                0x080087b8                I2C_GenerateSTOP
 .text.I2C_Send7bitAddress
                0x080087f8       0x3c ..\obj\stm32f4xx_i2c.o
                0x080087f8                I2C_Send7bitAddress
 .text.I2C_AcknowledgeConfig
                0x08008834       0x40 ..\obj\stm32f4xx_i2c.o
                0x08008834                I2C_AcknowledgeConfig
 .text.I2C_SoftwareResetCmd
                0x08008874       0x48 ..\obj\stm32f4xx_i2c.o
                0x08008874                I2C_SoftwareResetCmd
 .text.I2C_SendData
                0x080088bc       0x20 ..\obj\stm32f4xx_i2c.o
                0x080088bc                I2C_SendData
 .text.I2C_ReceiveData
                0x080088dc       0x1c ..\obj\stm32f4xx_i2c.o
                0x080088dc                I2C_ReceiveData
 .text.I2C_GetFlagStatus
                0x080088f8       0x78 ..\obj\stm32f4xx_i2c.o
                0x080088f8                I2C_GetFlagStatus
 .text.USBH_CtlReq
                0x08008970       0xa0 ..\obj\usbh_ioreq.o
                0x08008970                USBH_CtlReq
 .text.USBH_CtlSendSetup
                0x08008a10       0x7c ..\obj\usbh_ioreq.o
                0x08008a10                USBH_CtlSendSetup
 .text.USBH_CtlSendData
                0x08008a8c       0xc4 ..\obj\usbh_ioreq.o
                0x08008a8c                USBH_CtlSendData
 .text.USBH_CtlReceiveData
                0x08008b50       0x7c ..\obj\usbh_ioreq.o
                0x08008b50                USBH_CtlReceiveData
 .text.USBH_InterruptReceiveData
                0x08008bcc       0xd0 ..\obj\usbh_ioreq.o
                0x08008bcc                USBH_InterruptReceiveData
 .text.USBH_SubmitSetupRequest
                0x08008c9c       0x44 ..\obj\usbh_ioreq.o
 .text.NVIC_Init
                0x08008ce0       0xe4 ..\obj\misc.o
                0x08008ce0                NVIC_Init
 .text.UB_Touch_Init
                0x08008dc4       0x4c ..\obj\stm32_ub_touch_stmpe811.o
                0x08008dc4                UB_Touch_Init
 .text.P_Touch_Reset
                0x08008e10       0x34 ..\obj\stm32_ub_touch_stmpe811.o
                0x08008e10                P_Touch_Reset
 .text.P_Touch_FnctCmd
                0x08008e44       0x74 ..\obj\stm32_ub_touch_stmpe811.o
                0x08008e44                P_Touch_FnctCmd
 .text.P_Touch_Config
                0x08008eb8       0xf4 ..\obj\stm32_ub_touch_stmpe811.o
                0x08008eb8                P_Touch_Config
 .text.P_Touch_ReadID
                0x08008fac       0x6c ..\obj\stm32_ub_touch_stmpe811.o
                0x08008fac                P_Touch_ReadID
 .text.P_Touch_IOAFConfig
                0x08009018       0x74 ..\obj\stm32_ub_touch_stmpe811.o
                0x08009018                P_Touch_IOAFConfig
 .text.KEYBRD_Init
                0x0800908c        0xc ..\obj\usbh_hid_keybd.o
 .text.KEYBRD_Decode
                0x08009098      0x2e8 ..\obj\usbh_hid_keybd.o
 .text.TIM_TimeBaseInit
                0x08009380       0xf4 ..\obj\stm32f4xx_tim.o
                0x08009380                TIM_TimeBaseInit
 .text.TIM_ARRPreloadConfig
                0x08009474       0x40 ..\obj\stm32f4xx_tim.o
                0x08009474                TIM_ARRPreloadConfig
 .text.TIM_Cmd  0x080094b4       0x40 ..\obj\stm32f4xx_tim.o
                0x080094b4                TIM_Cmd
 .text.TIM_ITConfig
                0x080094f4       0x48 ..\obj\stm32f4xx_tim.o
                0x080094f4                TIM_ITConfig
 .text.TIM_ClearITPendingBit
                0x0800953c       0x24 ..\obj\stm32f4xx_tim.o
                0x0800953c                TIM_ClearITPendingBit
 .text.USBH_OTG_ISR_Handler
                0x08009560      0x114 ..\obj\usb_hcd_int.o
                0x08009560                USBH_OTG_ISR_Handler
 .text.USB_OTG_USBH_handle_hc_ISR
                0x08009674       0x9c ..\obj\usb_hcd_int.o
 .text.USB_OTG_USBH_handle_sof_ISR
                0x08009710       0x3c ..\obj\usb_hcd_int.o
 .text.USB_OTG_USBH_handle_Disconnect_ISR
                0x0800974c       0x3c ..\obj\usb_hcd_int.o
 .text.USB_OTG_USBH_handle_nptxfempty_ISR
                0x08009788      0x1b0 ..\obj\usb_hcd_int.o
 .text.USB_OTG_USBH_handle_ptxfempty_ISR
                0x08009938      0x1b0 ..\obj\usb_hcd_int.o
 .text.USB_OTG_USBH_handle_port_ISR
                0x08009ae8      0x184 ..\obj\usb_hcd_int.o
 .text.USB_OTG_USBH_handle_hc_n_Out_ISR
                0x08009c6c      0x5c0 ..\obj\usb_hcd_int.o
 .text.USB_OTG_USBH_handle_hc_n_In_ISR
                0x0800a22c      0x60c ..\obj\usb_hcd_int.o
 .text.USB_OTG_USBH_handle_rx_qlvl_ISR
                0x0800a838      0x1c8 ..\obj\usb_hcd_int.o
 .text.USB_OTG_USBH_handle_IncompletePeriodicXfer_ISR
                0x0800aa00       0x54 ..\obj\usb_hcd_int.o
 .text.critical_factorization
                0x0800aa54       0xbc c:/program files (x86)/gnu tools arm embedded/4.7 2012q4/bin/../lib/gcc/arm-none-eabi/4.7.3/../../../../arm-none-eabi/lib/armv7e-m\libg.a(lib_a-strstr.o)
 .text.two_way_long_needle
                0x0800ab10      0x318 c:/program files (x86)/gnu tools arm embedded/4.7 2012q4/bin/../lib/gcc/arm-none-eabi/4.7.3/../../../../arm-none-eabi/lib/armv7e-m\libg.a(lib_a-strstr.o)
 .text.strstr   0x0800ae28      0x2f0 c:/program files (x86)/gnu tools arm embedded/4.7 2012q4/bin/../lib/gcc/arm-none-eabi/4.7.3/../../../../arm-none-eabi/lib/armv7e-m\libg.a(lib_a-strstr.o)
                0x0800ae28                strstr
 .text.memchr   0x0800b118      0x140 c:/program files (x86)/gnu tools arm embedded/4.7 2012q4/bin/../lib/gcc/arm-none-eabi/4.7.3/../../../../arm-none-eabi/lib/armv7e-m\libg.a(lib_a-memchr.o)
                0x0800b118                memchr
 .text.memcmp   0x0800b258       0xb8 c:/program files (x86)/gnu tools arm embedded/4.7 2012q4/bin/../lib/gcc/arm-none-eabi/4.7.3/../../../../arm-none-eabi/lib/armv7e-m\libg.a(lib_a-memcmp.o)
                0x0800b258                memcmp
 .text.strchr   0x0800b310       0xfc c:/program files (x86)/gnu tools arm embedded/4.7 2012q4/bin/../lib/gcc/arm-none-eabi/4.7.3/../../../../arm-none-eabi/lib/armv7e-m\libg.a(lib_a-strchr.o)
                0x0800b310                strchr
 *(.init)
 *(.fini)
 *crtbegin.o(.ctors)
 *crtbegin?.o(.ctors)
 *(EXCLUDE_FILE(*crtend.o *crtend?.o) .ctors)
 *(SORT(.ctors.*))
 *(.ctors)
 *crtbegin.o(.dtors)
 *crtbegin?.o(.dtors)
 *(EXCLUDE_FILE(*crtend.o *crtend?.o) .dtors)
 *(SORT(.dtors.*))
 *(.dtors)
 *(.rodata*)
 .rodata        0x0800b40c        0xc ..\obj\main.o
 .rodata        0x0800b418      0x76c ..\obj\ub_font_arial_7x10.o
                0x0800b418                Arial_7x10_Table
 .rodata        0x0800bb84        0xc ..\obj\stm32_ub_uart.o
 .rodata        0x0800bb90        0x4 ..\obj\usbh_core.o
 .rodata        0x0800bb94      0x1f0 ..\obj\usbh_hid_keybd.o
 *(.eh_fram e*)

.glue_7         0x0800bd84        0x0
 .glue_7        0x00000000        0x0 linker stubs

.glue_7t        0x0800bd84        0x0
 .glue_7t       0x00000000        0x0 linker stubs

.vfp11_veneer   0x0800bd84        0x0
 .vfp11_veneer  0x00000000        0x0 linker stubs

.v4_bx          0x0800bd84        0x0
 .v4_bx         0x00000000        0x0 linker stubs

.iplt           0x0800bd84        0x0
 .iplt          0x00000000        0x0 ..\obj\blinky.o

.rel.dyn        0x0800bd84        0x0
 .rel.iplt      0x00000000        0x0 ..\obj\blinky.o

.ARM.extab
 *(.ARM.extab* .gnu.linkonce.armextab.*)
                0x0800bd84                __exidx_start = .

.ARM.exidx
 *(.ARM.exidx* .gnu.linkonce.armexidx.*)
                0x0800bd84                __exidx_end = .
                0x0800bd84                __etext = .
                0x0800bd84                _sidata = __etext

.data           0x20000000      0x17c load address 0x0800bd84
                0x20000000                __data_start__ = .
                0x20000000                _sdata = __data_start__
 *(vtable)
 *(.data*)
 .data          0x20000000       0x20 ..\obj\stm32_ub_i2c3.o
                0x20000000                I2C3DEV
 .data          0x20000020        0x8 ..\obj\usbh_hid_mouse.o
                0x20000020                HID_MOUSE_cb
 .data          0x20000028       0x10 ..\obj\stm32f4xx_rcc.o
 .data          0x20000038       0x10 ..\obj\usbh_hid_core.o
                0x20000038                HID_cb
 .data          0x20000048       0x64 ..\obj\stm32_ub_button.o
                0x20000048                BUTTON
 .data          0x200000ac        0x8 ..\obj\ub_font_arial_7x10.o
                0x200000ac                Arial_7x10
 .data          0x200000b4       0x38 ..\obj\stm32_ub_uart.o
                0x200000b4                UART
 .data          0x200000ec       0x10 ..\obj\usbh_core.o
                0x200000ec                USBH_HCD_INT_cb
                0x200000f8                USBH_HCD_INT_fops
 .data          0x200000fc       0x30 ..\obj\stm32_ub_spi5.o
                0x200000fc                SPI5DEV
 .data          0x2000012c       0x48 ..\obj\usbh_usr.o
                0x2000012c                USR_Callbacks
 .data          0x20000174        0x8 ..\obj\usbh_hid_keybd.o
                0x20000174                HID_KEYBRD_cb
                0x2000017c                . = ALIGN (0x4)
                0x2000017c                PROVIDE (__preinit_array_start, .)
 *(.preinit_array)
                0x2000017c                PROVIDE (__preinit_array_end, .)
                0x2000017c                . = ALIGN (0x4)
                0x2000017c                PROVIDE (__init_array_start, .)
 *(SORT(.init_array.*))
 *(.init_array)
                0x2000017c                PROVIDE (__init_array_end, .)
                0x2000017c                . = ALIGN (0x4)
                0x2000017c                PROVIDE (__fini_array_start, .)
 *(SORT(.fini_array.*))
 *(.fini_array)
                0x2000017c                PROVIDE (__fini_array_end, .)
 *(.jcr*)
                0x2000017c                . = ALIGN (0x4)
                0x2000017c                __data_end__ = .
                0x2000017c                _edata = __data_end__

.igot.plt       0x2000017c        0x0 load address 0x0800bf00
 .igot.plt      0x00000000        0x0 ..\obj\blinky.o

.bss            0x2000017c     0x5f64 load address 0x0800bf00
                0x2000017c                . = ALIGN (0x4)
                0x2000017c                __bss_start__ = .
                0x2000017c                _sbss = __bss_start__
 *(.bss*)
 .bss           0x2000017c        0x1 ..\obj\stm32_ub_sdram.o
 *fill*         0x2000017d        0x3 00
 .bss           0x20000180        0x4 ..\obj\stm32_ub_usb_hid_host.o
 .bss           0x20000184        0x1 ..\obj\stm32_ub_i2c3.o
 *fill*         0x20000185        0x1 00
 .bss           0x20000186        0x4 ..\obj\usbh_stdreq.o
 *fill*         0x2000018a        0x2 00
 .bss           0x2000018c        0x4 ..\obj\stm32_ub_systick.o
 .bss           0x20000190        0x1 ..\obj\usbh_hid_core.o
                0x20000190                start_toggle
 *fill*         0x20000191        0x3 00
 .bss           0x20000194        0x8 ..\obj\stm32_ub_lcd_ili9341.o
 .bss           0x2000019c        0x2 ..\obj\usbh_core.o
 .bss           0x2000019e        0x2 ..\obj\stm32_ub_spi5.o
 .bss           0x200001a0        0x8 ..\obj\usbh_usr.o
                0x200001a0                akt_xp
                0x200001a2                akt_yp
 .bss           0x200001a8       0x14 ..\obj\usbh_hid_keybd.o
 *(COMMON)
 COMMON         0x200001bc     0x563d ..\obj\blinky.o
                0x200001bc                Pinky_Skin
                0x20000214                LCD_CurrentLayer
                0x20000218                Clyde_Systic_Timer_ms
                0x2000021c                Room_Skin
                0x2000035c                Inky_Systic_Timer_ms
                0x20000360                LCD_DISPLAY_MODE
                0x20000364                hid_new_maus_data
                0x20000368                Gui_Touch_Timer_ms
                0x2000036c                USB_MOUSE_DATA
                0x20000374                USB_HID_HOST_STATUS
                0x20000378                keyboard_timer
                0x2000037c                LCD_CurrentOrientation
                0x20000380                Inky_Skin
                0x200003d8                Mode_Systic_Timer_ms
                0x200003dc                Game
                0x20000400                Button_Skin
                0x20000410                GUI
                0x20000418                akt_usb_status
                0x2000041c                Player_Skin
                0x20000464                Maze
                0x200055c8                Touch_Data
                0x200055d0                Clyde_Skin
                0x20005628                Blinky_Systic_Timer_ms
                0x2000562c                Pinky_Systic_Timer_ms
                0x20005630                Player
                0x2000566c                UART_RX
                0x200056a0                Clyde
                0x200056dc                Inky
                0x20005718                hid_autoconnect
                0x2000571c                Blinky
                0x20005758                LCD_CurrentFrameBuffer
                0x2000575c                Pinky
                0x20005798                Blinky_Skin
                0x200057f0                Player_Systick_Timer_ms
                0x200057f4                USB_KEY_DATA
 *fill*         0x200057f9        0x3 00
 COMMON         0x200057fc      0x630 ..\obj\stm32_ub_usb_hid_host.o
                0x200057fc                USB_OTG_Core_dev
                0x20005da8                USB_Host
 COMMON         0x20005e2c      0x200 ..\obj\usbh_stdreq.o
                0x20005e2c                USBH_CfgDesc
 COMMON         0x2000602c        0x4 ..\obj\usbh_hid_mouse.o
                0x2000602c                HID_MOUSE_Data
 COMMON         0x20006030       0xb0 ..\obj\usbh_hid_core.o
                0x20006030                HID_Report
                0x20006078                HID_Machine
                0x200060cc                HID_Desc
                0x200060d8                HID_Setup
                0x200060e0                . = ALIGN (0x4)
                0x200060e0                __bss_end__ = .
                0x200060e0                _ebss = __bss_end__

.heap           0x200060e0        0x0
                0x200060e0                __end__ = .
                0x200060e0                _end = __end__
                0x200060e0                end = __end__
 *(.heap*)
                0x200060e0                __HeapLimit = .

.co_stack       0x200060e0      0x800 load address 0x08011e64
                0x200060e0                . = ALIGN (0x8)
 *(.co_stack .co_stack.*)
 .co_stack      0x200060e0      0x800 ..\obj\startup_stm32f4xx.o
                0x200060e0                pulStack
                0x20020000                __StackTop = (ORIGIN (ram) + 0x20000)
                0x2001f800                __StackLimit = (__StackTop - SIZEOF (.co_stack))
                0x20020000                PROVIDE (__stack, __StackTop)
                0x00000001                ASSERT ((__StackLimit >= __HeapLimit), region ram  overflowed with stack)
LOAD ..\obj\blinky.o
LOAD ..\obj\inky.o
LOAD ..\obj\usb_core.o
LOAD ..\obj\stm32_ub_sdram.o
LOAD ..\obj\stm32_ub_usb_hid_host.o
LOAD ..\obj\stm32f4xx_dma2d.o
LOAD ..\obj\bot.o
LOAD ..\obj\stm32_ub_i2c3.o
LOAD ..\obj\usbh_hcs.o
LOAD ..\obj\stm32f4xx_usart.o
LOAD ..\obj\usbh_stdreq.o
LOAD ..\obj\skin.o
LOAD ..\obj\pacman.o
LOAD ..\obj\stm32f4xx_ltdc.o
LOAD ..\obj\startup_stm32f4xx.o
LOAD ..\obj\usbh_hid_mouse.o
LOAD ..\obj\gui.o
LOAD ..\obj\main.o
LOAD ..\obj\stm32f4xx_rcc.o
LOAD ..\obj\player.o
LOAD ..\obj\stm32_ub_systick.o
LOAD ..\obj\printf.o
LOAD ..\obj\usbh_hid_core.o
LOAD ..\obj\maze_generate.o
LOAD ..\obj\stm32_ub_button.o
LOAD ..\obj\ub_font_arial_7x10.o
LOAD ..\obj\stm32_ub_uart.o
LOAD ..\obj\maze.o
LOAD ..\obj\stm32_ub_graphic2d.o
LOAD ..\obj\pinky.o
LOAD ..\obj\menu.o
LOAD ..\obj\stm32_ub_lcd_ili9341.o
LOAD ..\obj\usbh_core.o
LOAD ..\obj\stm32f4xx_gpio.o
LOAD ..\obj\stm32_ub_font.o
LOAD ..\obj\Skin1.o
LOAD ..\obj\system_stm32f4xx.o
LOAD ..\obj\syscalls.o
LOAD ..\obj\stm32_ub_spi5.o
LOAD ..\obj\usbh_usr.o
LOAD ..\obj\usb_bsp.o
LOAD ..\obj\stm32f4xx_fmc.o
LOAD ..\obj\clyde.o
LOAD ..\obj\usb_hcd.o
LOAD ..\obj\random.o
LOAD ..\obj\stm32f4xx_spi.o
LOAD ..\obj\stm32f4xx_i2c.o
LOAD ..\obj\stm32f4xx_rng.o
LOAD ..\obj\usbh_ioreq.o
LOAD ..\obj\misc.o
LOAD ..\obj\stm32_ub_touch_stmpe811.o
LOAD ..\obj\usbh_hid_keybd.o
LOAD ..\obj\stm32f4xx_tim.o
LOAD ..\obj\usb_hcd_int.o
START GROUP
LOAD c:/program files (x86)/gnu tools arm embedded/4.7 2012q4/bin/../lib/gcc/arm-none-eabi/4.7.3/armv7e-m\libgcc.a
LOAD c:/program files (x86)/gnu tools arm embedded/4.7 2012q4/bin/../lib/gcc/arm-none-eabi/4.7.3/../../../../arm-none-eabi/lib/armv7e-m\libg.a
LOAD c:/program files (x86)/gnu tools arm embedded/4.7 2012q4/bin/../lib/gcc/arm-none-eabi/4.7.3/../../../../arm-none-eabi/lib/armv7e-m\libc.a
END GROUP
OUTPUT(stm32f429.elf elf32-littlearm)

.debug_info     0x00000000    0x1f2e9
 .debug_info    0x00000000      0xa6a ..\obj\blinky.o
 .debug_info    0x00000a6a     0x2130 ..\obj\usb_core.o
 .debug_info    0x00002b9a      0x784 ..\obj\stm32_ub_sdram.o
 .debug_info    0x0000331e     0x158e ..\obj\stm32_ub_usb_hid_host.o
 .debug_info    0x000048ac      0x668 ..\obj\stm32_ub_i2c3.o
 .debug_info    0x00004f14      0xb81 ..\obj\usbh_hcs.o
 .debug_info    0x00005a95      0xa65 ..\obj\stm32f4xx_usart.o
 .debug_info    0x000064fa     0x18b3 ..\obj\usbh_stdreq.o
 .debug_info    0x00007dad      0xb17 ..\obj\pacman.o
 .debug_info    0x000088c4      0xdfc ..\obj\stm32f4xx_ltdc.o
 .debug_info    0x000096c0      0x103 ..\obj\startup_stm32f4xx.o
 .debug_info    0x000097c3      0x19b ..\obj\usbh_hid_mouse.o
 .debug_info    0x0000995e     0x11b2 ..\obj\gui.o
 .debug_info    0x0000ab10      0x9b9 ..\obj\main.o
 .debug_info    0x0000b4c9      0xf3b ..\obj\stm32f4xx_rcc.o
 .debug_info    0x0000c404      0xa22 ..\obj\stm32_ub_systick.o
 .debug_info    0x0000ce26      0xf65 ..\obj\printf.o
 .debug_info    0x0000dd8b     0x19c5 ..\obj\usbh_hid_core.o
 .debug_info    0x0000f750      0xae9 ..\obj\stm32_ub_button.o
 .debug_info    0x00010239      0x117 ..\obj\ub_font_arial_7x10.o
 .debug_info    0x00010350      0xc1d ..\obj\stm32_ub_uart.o
 .debug_info    0x00010f6d      0xa4a ..\obj\stm32_ub_lcd_ili9341.o
 .debug_info    0x000119b7     0x1625 ..\obj\usbh_core.o
 .debug_info    0x00012fdc      0x643 ..\obj\stm32f4xx_gpio.o
 .debug_info    0x0001361f      0x415 ..\obj\stm32_ub_font.o
 .debug_info    0x00013a34      0x627 ..\obj\system_stm32f4xx.o
 .debug_info    0x0001405b      0x620 ..\obj\stm32_ub_spi5.o
 .debug_info    0x0001467b      0x9c1 ..\obj\usbh_usr.o
 .debug_info    0x0001503c      0xf82 ..\obj\usb_bsp.o
 .debug_info    0x00015fbe      0xdad ..\obj\stm32f4xx_fmc.o
 .debug_info    0x00016d6b      0xd07 ..\obj\usb_hcd.o
 .debug_info    0x00017a72      0xbfe ..\obj\stm32f4xx_spi.o
 .debug_info    0x00018670      0xc4c ..\obj\stm32f4xx_i2c.o
 .debug_info    0x000192bc     0x16a9 ..\obj\usbh_ioreq.o
 .debug_info    0x0001a965      0x592 ..\obj\misc.o
 .debug_info    0x0001aef7      0x40c ..\obj\stm32_ub_touch_stmpe811.o
 .debug_info    0x0001b303      0x26d ..\obj\usbh_hid_keybd.o
 .debug_info    0x0001b570     0x1e7d ..\obj\stm32f4xx_tim.o
 .debug_info    0x0001d3ed     0x1efc ..\obj\usb_hcd_int.o

.debug_abbrev   0x00000000     0x3e6c
 .debug_abbrev  0x00000000      0x171 ..\obj\blinky.o
 .debug_abbrev  0x00000171      0x2d0 ..\obj\usb_core.o
 .debug_abbrev  0x00000441      0x1d3 ..\obj\stm32_ub_sdram.o
 .debug_abbrev  0x00000614      0x1bf ..\obj\stm32_ub_usb_hid_host.o
 .debug_abbrev  0x000007d3      0x1bf ..\obj\stm32_ub_i2c3.o
 .debug_abbrev  0x00000992      0x153 ..\obj\usbh_hcs.o
 .debug_abbrev  0x00000ae5      0x157 ..\obj\stm32f4xx_usart.o
 .debug_abbrev  0x00000c3c      0x245 ..\obj\usbh_stdreq.o
 .debug_abbrev  0x00000e81      0x1bd ..\obj\pacman.o
 .debug_abbrev  0x0000103e      0x190 ..\obj\stm32f4xx_ltdc.o
 .debug_abbrev  0x000011ce       0xb2 ..\obj\startup_stm32f4xx.o
 .debug_abbrev  0x00001280       0xea ..\obj\usbh_hid_mouse.o
 .debug_abbrev  0x0000136a      0x1d0 ..\obj\gui.o
 .debug_abbrev  0x0000153a      0x146 ..\obj\main.o
 .debug_abbrev  0x00001680      0x1bc ..\obj\stm32f4xx_rcc.o
 .debug_abbrev  0x0000183c      0x1c4 ..\obj\stm32_ub_systick.o
 .debug_abbrev  0x00001a00      0x262 ..\obj\printf.o
 .debug_abbrev  0x00001c62      0x238 ..\obj\usbh_hid_core.o
 .debug_abbrev  0x00001e9a      0x187 ..\obj\stm32_ub_button.o
 .debug_abbrev  0x00002021       0x9a ..\obj\ub_font_arial_7x10.o
 .debug_abbrev  0x000020bb      0x209 ..\obj\stm32_ub_uart.o
 .debug_abbrev  0x000022c4      0x1e2 ..\obj\stm32_ub_lcd_ili9341.o
 .debug_abbrev  0x000024a6      0x21e ..\obj\usbh_core.o
 .debug_abbrev  0x000026c4      0x1a5 ..\obj\stm32f4xx_gpio.o
 .debug_abbrev  0x00002869       0xfa ..\obj\stm32_ub_font.o
 .debug_abbrev  0x00002963      0x138 ..\obj\system_stm32f4xx.o
 .debug_abbrev  0x00002a9b      0x14b ..\obj\stm32_ub_spi5.o
 .debug_abbrev  0x00002be6      0x1e8 ..\obj\usbh_usr.o
 .debug_abbrev  0x00002dce      0x1aa ..\obj\usb_bsp.o
 .debug_abbrev  0x00002f78      0x181 ..\obj\stm32f4xx_fmc.o
 .debug_abbrev  0x000030f9      0x175 ..\obj\usb_hcd.o
 .debug_abbrev  0x0000326e      0x169 ..\obj\stm32f4xx_spi.o
 .debug_abbrev  0x000033d7      0x166 ..\obj\stm32f4xx_i2c.o
 .debug_abbrev  0x0000353d      0x1ae ..\obj\usbh_ioreq.o
 .debug_abbrev  0x000036eb      0x129 ..\obj\misc.o
 .debug_abbrev  0x00003814      0x18e ..\obj\stm32_ub_touch_stmpe811.o
 .debug_abbrev  0x000039a2      0x112 ..\obj\usbh_hid_keybd.o
 .debug_abbrev  0x00003ab4      0x189 ..\obj\stm32f4xx_tim.o
 .debug_abbrev  0x00003c3d      0x22f ..\obj\usb_hcd_int.o

.debug_loc      0x00000000     0x8030
 .debug_loc     0x00000000      0x10c ..\obj\blinky.o
 .debug_loc     0x0000010c      0x658 ..\obj\usb_core.o
 .debug_loc     0x00000764      0x2da ..\obj\stm32_ub_sdram.o
 .debug_loc     0x00000a3e      0x10c ..\obj\stm32_ub_usb_hid_host.o
 .debug_loc     0x00000b4a      0x150 ..\obj\stm32_ub_i2c3.o
 .debug_loc     0x00000c9a      0x150 ..\obj\usbh_hcs.o
 .debug_loc     0x00000dea      0x658 ..\obj\stm32f4xx_usart.o
 .debug_loc     0x00001442      0x310 ..\obj\usbh_stdreq.o
 .debug_loc     0x00001752      0x138 ..\obj\pacman.o
 .debug_loc     0x0000188a      0x684 ..\obj\stm32f4xx_ltdc.o
 .debug_loc     0x00001f0e       0x64 ..\obj\startup_stm32f4xx.o
 .debug_loc     0x00001f72       0x64 ..\obj\usbh_hid_mouse.o
 .debug_loc     0x00001fd6      0x4ac ..\obj\gui.o
 .debug_loc     0x00002482       0x38 ..\obj\main.o
 .debug_loc     0x000024ba      0xb3c ..\obj\stm32f4xx_rcc.o
 .debug_loc     0x00002ff6      0x144 ..\obj\stm32_ub_systick.o
 .debug_loc     0x0000313a      0x3ea ..\obj\printf.o
 .debug_loc     0x00003524      0x230 ..\obj\usbh_hid_core.o
 .debug_loc     0x00003754      0x1c0 ..\obj\stm32_ub_button.o
 .debug_loc     0x00003914      0x34a ..\obj\stm32_ub_uart.o
 .debug_loc     0x00003c5e      0x4c4 ..\obj\stm32_ub_lcd_ili9341.o
 .debug_loc     0x00004122      0x1fa ..\obj\usbh_core.o
 .debug_loc     0x0000431c      0x310 ..\obj\stm32f4xx_gpio.o
 .debug_loc     0x0000462c       0xe0 ..\obj\stm32_ub_font.o
 .debug_loc     0x0000470c       0x9c ..\obj\system_stm32f4xx.o
 .debug_loc     0x000047a8       0x70 ..\obj\stm32_ub_spi5.o
 .debug_loc     0x00004818      0x4e8 ..\obj\usbh_usr.o
 .debug_loc     0x00004d00      0x17c ..\obj\usb_bsp.o
 .debug_loc     0x00004e7c      0x5dc ..\obj\stm32f4xx_fmc.o
 .debug_loc     0x00005458      0x230 ..\obj\usb_hcd.o
 .debug_loc     0x00005688      0x578 ..\obj\stm32f4xx_spi.o
 .debug_loc     0x00005c00      0x7a8 ..\obj\stm32f4xx_i2c.o
 .debug_loc     0x000063a8      0x268 ..\obj\usbh_ioreq.o
 .debug_loc     0x00006610      0x118 ..\obj\misc.o
 .debug_loc     0x00006728      0x218 ..\obj\stm32_ub_touch_stmpe811.o
 .debug_loc     0x00006940       0x64 ..\obj\usbh_hid_keybd.o
 .debug_loc     0x000069a4     0x1420 ..\obj\stm32f4xx_tim.o
 .debug_loc     0x00007dc4      0x26c ..\obj\usb_hcd_int.o

.debug_aranges  0x00000000     0x1630
 .debug_aranges
                0x00000000       0x40 ..\obj\blinky.o
 .debug_aranges
                0x00000040      0x100 ..\obj\usb_core.o
 .debug_aranges
                0x00000140       0x80 ..\obj\stm32_ub_sdram.o
 .debug_aranges
                0x000001c0       0x40 ..\obj\stm32_ub_usb_hid_host.o
 .debug_aranges
                0x00000200       0x48 ..\obj\stm32_ub_i2c3.o
 .debug_aranges
                0x00000248       0x48 ..\obj\usbh_hcs.o
 .debug_aranges
                0x00000290      0x100 ..\obj\stm32f4xx_usart.o
 .debug_aranges
                0x00000390       0x88 ..\obj\usbh_stdreq.o
 .debug_aranges
                0x00000418       0x48 ..\obj\pacman.o
 .debug_aranges
                0x00000460      0x108 ..\obj\stm32f4xx_ltdc.o
 .debug_aranges
                0x00000568       0x28 ..\obj\startup_stm32f4xx.o
 .debug_aranges
                0x00000590       0x28 ..\obj\usbh_hid_mouse.o
 .debug_aranges
                0x000005b8       0xc8 ..\obj\gui.o
 .debug_aranges
                0x00000680       0x20 ..\obj\main.o
 .debug_aranges
                0x000006a0      0x1b8 ..\obj\stm32f4xx_rcc.o
 .debug_aranges
                0x00000858       0x48 ..\obj\stm32_ub_systick.o
 .debug_aranges
                0x000008a0       0xa0 ..\obj\printf.o
 .debug_aranges
                0x00000940       0x68 ..\obj\usbh_hid_core.o
 .debug_aranges
                0x000009a8       0x58 ..\obj\stm32_ub_button.o
 .debug_aranges
                0x00000a00       0x18 ..\obj\ub_font_arial_7x10.o
 .debug_aranges
                0x00000a18       0x90 ..\obj\stm32_ub_uart.o
 .debug_aranges
                0x00000aa8       0xd0 ..\obj\stm32_ub_lcd_ili9341.o
 .debug_aranges
                0x00000b78       0x60 ..\obj\usbh_core.o
 .debug_aranges
                0x00000bd8       0x88 ..\obj\stm32f4xx_gpio.o
 .debug_aranges
                0x00000c60       0x38 ..\obj\stm32_ub_font.o
 .debug_aranges
                0x00000c98       0x30 ..\obj\system_stm32f4xx.o
 .debug_aranges
                0x00000cc8       0x28 ..\obj\stm32_ub_spi5.o
 .debug_aranges
                0x00000cf0       0xe0 ..\obj\usbh_usr.o
 .debug_aranges
                0x00000dd0       0x50 ..\obj\usb_bsp.o
 .debug_aranges
                0x00000e20       0xf0 ..\obj\stm32f4xx_fmc.o
 .debug_aranges
                0x00000f10       0x68 ..\obj\usb_hcd.o
 .debug_aranges
                0x00000f78       0xe0 ..\obj\stm32f4xx_spi.o
 .debug_aranges
                0x00001058      0x130 ..\obj\stm32f4xx_i2c.o
 .debug_aranges
                0x00001188       0x70 ..\obj\usbh_ioreq.o
 .debug_aranges
                0x000011f8       0x40 ..\obj\misc.o
 .debug_aranges
                0x00001238       0x68 ..\obj\stm32_ub_touch_stmpe811.o
 .debug_aranges
                0x000012a0       0x28 ..\obj\usbh_hid_keybd.o
 .debug_aranges
                0x000012c8      0x2f8 ..\obj\stm32f4xx_tim.o
 .debug_aranges
                0x000015c0       0x70 ..\obj\usb_hcd_int.o

.debug_ranges   0x00000000     0x13b8
 .debug_ranges  0x00000000       0x30 ..\obj\blinky.o
 .debug_ranges  0x00000030       0xf0 ..\obj\usb_core.o
 .debug_ranges  0x00000120       0x70 ..\obj\stm32_ub_sdram.o
 .debug_ranges  0x00000190       0x30 ..\obj\stm32_ub_usb_hid_host.o
 .debug_ranges  0x000001c0       0x38 ..\obj\stm32_ub_i2c3.o
 .debug_ranges  0x000001f8       0x38 ..\obj\usbh_hcs.o
 .debug_ranges  0x00000230       0xf0 ..\obj\stm32f4xx_usart.o
 .debug_ranges  0x00000320       0x78 ..\obj\usbh_stdreq.o
 .debug_ranges  0x00000398       0x38 ..\obj\pacman.o
 .debug_ranges  0x000003d0       0xf8 ..\obj\stm32f4xx_ltdc.o
 .debug_ranges  0x000004c8       0x18 ..\obj\startup_stm32f4xx.o
 .debug_ranges  0x000004e0       0x18 ..\obj\usbh_hid_mouse.o
 .debug_ranges  0x000004f8       0xb8 ..\obj\gui.o
 .debug_ranges  0x000005b0       0x10 ..\obj\main.o
 .debug_ranges  0x000005c0      0x1a8 ..\obj\stm32f4xx_rcc.o
 .debug_ranges  0x00000768       0x38 ..\obj\stm32_ub_systick.o
 .debug_ranges  0x000007a0       0x90 ..\obj\printf.o
 .debug_ranges  0x00000830       0x58 ..\obj\usbh_hid_core.o
 .debug_ranges  0x00000888       0x48 ..\obj\stm32_ub_button.o
 .debug_ranges  0x000008d0       0x80 ..\obj\stm32_ub_uart.o
 .debug_ranges  0x00000950       0xc0 ..\obj\stm32_ub_lcd_ili9341.o
 .debug_ranges  0x00000a10       0x50 ..\obj\usbh_core.o
 .debug_ranges  0x00000a60       0x78 ..\obj\stm32f4xx_gpio.o
 .debug_ranges  0x00000ad8       0x28 ..\obj\stm32_ub_font.o
 .debug_ranges  0x00000b00       0x20 ..\obj\system_stm32f4xx.o
 .debug_ranges  0x00000b20       0x18 ..\obj\stm32_ub_spi5.o
 .debug_ranges  0x00000b38       0xd0 ..\obj\usbh_usr.o
 .debug_ranges  0x00000c08       0x40 ..\obj\usb_bsp.o
 .debug_ranges  0x00000c48       0xe0 ..\obj\stm32f4xx_fmc.o
 .debug_ranges  0x00000d28       0x58 ..\obj\usb_hcd.o
 .debug_ranges  0x00000d80       0xd0 ..\obj\stm32f4xx_spi.o
 .debug_ranges  0x00000e50      0x120 ..\obj\stm32f4xx_i2c.o
 .debug_ranges  0x00000f70       0x60 ..\obj\usbh_ioreq.o
 .debug_ranges  0x00000fd0       0x30 ..\obj\misc.o
 .debug_ranges  0x00001000       0x58 ..\obj\stm32_ub_touch_stmpe811.o
 .debug_ranges  0x00001058       0x18 ..\obj\usbh_hid_keybd.o
 .debug_ranges  0x00001070      0x2e8 ..\obj\stm32f4xx_tim.o
 .debug_ranges  0x00001358       0x60 ..\obj\usb_hcd_int.o

.debug_line     0x00000000     0x86df
 .debug_line    0x00000000      0x3c7 ..\obj\blinky.o
 .debug_line    0x000003c7      0x5a3 ..\obj\usb_core.o
 .debug_line    0x0000096a      0x389 ..\obj\stm32_ub_sdram.o
 .debug_line    0x00000cf3      0x26e ..\obj\stm32_ub_usb_hid_host.o
 .debug_line    0x00000f61      0x35b ..\obj\stm32_ub_i2c3.o
 .debug_line    0x000012bc      0x1fe ..\obj\usbh_hcs.o
 .debug_line    0x000014ba      0x459 ..\obj\stm32f4xx_usart.o
 .debug_line    0x00001913      0x347 ..\obj\usbh_stdreq.o
 .debug_line    0x00001c5a      0x386 ..\obj\pacman.o
 .debug_line    0x00001fe0      0x4b3 ..\obj\stm32f4xx_ltdc.o
 .debug_line    0x00002493       0x98 ..\obj\startup_stm32f4xx.o
 .debug_line    0x0000252b      0x175 ..\obj\usbh_hid_mouse.o
 .debug_line    0x000026a0      0x781 ..\obj\gui.o
 .debug_line    0x00002e21      0x239 ..\obj\main.o
 .debug_line    0x0000305a      0x5f3 ..\obj\stm32f4xx_rcc.o
 .debug_line    0x0000364d      0x281 ..\obj\stm32_ub_systick.o
 .debug_line    0x000038ce      0x3f1 ..\obj\printf.o
 .debug_line    0x00003cbf      0x33c ..\obj\usbh_hid_core.o
 .debug_line    0x00003ffb      0x2bc ..\obj\stm32_ub_button.o
 .debug_line    0x000042b7      0x15e ..\obj\ub_font_arial_7x10.o
 .debug_line    0x00004415      0x37f ..\obj\stm32_ub_uart.o
 .debug_line    0x00004794      0x4db ..\obj\stm32_ub_lcd_ili9341.o
 .debug_line    0x00004c6f      0x3ae ..\obj\usbh_core.o
 .debug_line    0x0000501d      0x2f4 ..\obj\stm32f4xx_gpio.o
 .debug_line    0x00005311      0x25f ..\obj\stm32_ub_font.o
 .debug_line    0x00005570      0x1c0 ..\obj\system_stm32f4xx.o
 .debug_line    0x00005730      0x241 ..\obj\stm32_ub_spi5.o
 .debug_line    0x00005971      0x3c5 ..\obj\usbh_usr.o
 .debug_line    0x00005d36      0x261 ..\obj\usb_bsp.o
 .debug_line    0x00005f97      0x523 ..\obj\stm32f4xx_fmc.o
 .debug_line    0x000064ba      0x229 ..\obj\usb_hcd.o
 .debug_line    0x000066e3      0x40b ..\obj\stm32f4xx_spi.o
 .debug_line    0x00006aee      0x4b5 ..\obj\stm32f4xx_i2c.o
 .debug_line    0x00006fa3      0x27f ..\obj\usbh_ioreq.o
 .debug_line    0x00007222      0x1f4 ..\obj\misc.o
 .debug_line    0x00007416      0x2f3 ..\obj\stm32_ub_touch_stmpe811.o
 .debug_line    0x00007709      0x1e5 ..\obj\usbh_hid_keybd.o
 .debug_line    0x000078ee      0xa28 ..\obj\stm32f4xx_tim.o
 .debug_line    0x00008316      0x3c9 ..\obj\usb_hcd_int.o

.debug_str      0x00000000     0x8045
 .debug_str     0x00000000      0x6fa ..\obj\blinky.o
                                0x791 (size before relaxing)
 .debug_str     0x000006fa      0xea5 ..\obj\usb_core.o
                               0x11fa (size before relaxing)
 .debug_str     0x0000159f      0x565 ..\obj\stm32_ub_sdram.o
                                0x681 (size before relaxing)
 .debug_str     0x00001b04      0x98c ..\obj\stm32_ub_usb_hid_host.o
                               0x1313 (size before relaxing)
 .debug_str     0x00002490      0x1be ..\obj\stm32_ub_i2c3.o
                                0x49c (size before relaxing)
 .debug_str     0x0000264e       0xd4 ..\obj\usbh_hcs.o
                                0x7aa (size before relaxing)
 .debug_str     0x00002722      0x4aa ..\obj\stm32f4xx_usart.o
                                0x629 (size before relaxing)
 .debug_str     0x00002bcc      0x23f ..\obj\usbh_stdreq.o
                               0x1243 (size before relaxing)
 .debug_str     0x00002e0b       0xd0 ..\obj\pacman.o
                                0x7ef (size before relaxing)
 .debug_str     0x00002edb      0x80d ..\obj\stm32f4xx_ltdc.o
                                0x9c2 (size before relaxing)
 .debug_str     0x000036e8       0xa7 ..\obj\startup_stm32f4xx.o
                                0x10b (size before relaxing)
 .debug_str     0x0000378f       0x9c ..\obj\usbh_hid_mouse.o
                                0x1c8 (size before relaxing)
 .debug_str     0x0000382b      0x211 ..\obj\gui.o
                                0x917 (size before relaxing)
 .debug_str     0x00003a3c       0x2b ..\obj\main.o
                                0x719 (size before relaxing)
 .debug_str     0x00003a67      0x70d ..\obj\stm32f4xx_rcc.o
                                0x937 (size before relaxing)
 .debug_str     0x00004174      0x6c2 ..\obj\stm32_ub_systick.o
                                0xb2c (size before relaxing)
 .debug_str     0x00004836      0x49a ..\obj\printf.o
                                0x617 (size before relaxing)
 .debug_str     0x00004cd0      0x36c ..\obj\usbh_hid_core.o
                               0x13a9 (size before relaxing)
 .debug_str     0x0000503c      0x2d2 ..\obj\stm32_ub_button.o
                                0xba9 (size before relaxing)
 .debug_str     0x0000530e       0x51 ..\obj\ub_font_arial_7x10.o
                                0x175 (size before relaxing)
 .debug_str     0x0000535f      0x1c5 ..\obj\stm32_ub_uart.o
                                0xbb0 (size before relaxing)
 .debug_str     0x00005524      0x2ab ..\obj\stm32_ub_lcd_ili9341.o
                                0x93d (size before relaxing)
 .debug_str     0x000057cf      0x14d ..\obj\usbh_core.o
                               0x1194 (size before relaxing)
 .debug_str     0x0000591c      0x169 ..\obj\stm32f4xx_gpio.o
                                0x43d (size before relaxing)
 .debug_str     0x00005a85       0xaf ..\obj\stm32_ub_font.o
                                0x257 (size before relaxing)
 .debug_str     0x00005b34       0xc2 ..\obj\system_stm32f4xx.o
                                0x35e (size before relaxing)
 .debug_str     0x00005bf6      0x14d ..\obj\stm32_ub_spi5.o
                                0x51a (size before relaxing)
 .debug_str     0x00005d43      0x301 ..\obj\usbh_usr.o
                                0x981 (size before relaxing)
 .debug_str     0x00006044       0xe7 ..\obj\usb_bsp.o
                                0xf36 (size before relaxing)
 .debug_str     0x0000612b      0x6d4 ..\obj\stm32f4xx_fmc.o
                                0xa1a (size before relaxing)
 .debug_str     0x000067ff       0xee ..\obj\usb_hcd.o
                                0x847 (size before relaxing)
 .debug_str     0x000068ed      0x2f4 ..\obj\stm32f4xx_spi.o
                                0x637 (size before relaxing)
 .debug_str     0x00006be1      0x375 ..\obj\stm32f4xx_i2c.o
                                0x64c (size before relaxing)
 .debug_str     0x00006f56      0x122 ..\obj\usbh_ioreq.o
                               0x1119 (size before relaxing)
 .debug_str     0x00007078      0x10a ..\obj\misc.o
                                0x373 (size before relaxing)
 .debug_str     0x00007182      0x119 ..\obj\stm32_ub_touch_stmpe811.o
                                0x2c3 (size before relaxing)
 .debug_str     0x0000729b       0xab ..\obj\usbh_hid_keybd.o
                                0x1fb (size before relaxing)
 .debug_str     0x00007346      0xa74 ..\obj\stm32f4xx_tim.o
                                0xd6a (size before relaxing)
 .debug_str     0x00007dba      0x28b ..\obj\usb_hcd_int.o
                                0xe4e (size before relaxing)

.comment        0x00000000       0x70
 .comment       0x00000000       0x70 ..\obj\blinky.o
                                 0x71 (size before relaxing)
 .comment       0x00000000       0x71 ..\obj\usb_core.o
 .comment       0x00000000       0x71 ..\obj\stm32_ub_sdram.o
 .comment       0x00000000       0x71 ..\obj\stm32_ub_usb_hid_host.o
 .comment       0x00000000       0x71 ..\obj\stm32_ub_i2c3.o
 .comment       0x00000000       0x71 ..\obj\usbh_hcs.o
 .comment       0x00000000       0x71 ..\obj\stm32f4xx_usart.o
 .comment       0x00000000       0x71 ..\obj\usbh_stdreq.o
 .comment       0x00000000       0x71 ..\obj\pacman.o
 .comment       0x00000000       0x71 ..\obj\stm32f4xx_ltdc.o
 .comment       0x00000000       0x71 ..\obj\startup_stm32f4xx.o
 .comment       0x00000000       0x71 ..\obj\usbh_hid_mouse.o
 .comment       0x00000000       0x71 ..\obj\gui.o
 .comment       0x00000000       0x71 ..\obj\main.o
 .comment       0x00000000       0x71 ..\obj\stm32f4xx_rcc.o
 .comment       0x00000000       0x71 ..\obj\stm32_ub_systick.o
 .comment       0x00000000       0x71 ..\obj\printf.o
 .comment       0x00000000       0x71 ..\obj\usbh_hid_core.o
 .comment       0x00000000       0x71 ..\obj\stm32_ub_button.o
 .comment       0x00000000       0x71 ..\obj\ub_font_arial_7x10.o
 .comment       0x00000000       0x71 ..\obj\stm32_ub_uart.o
 .comment       0x00000000       0x71 ..\obj\stm32_ub_lcd_ili9341.o
 .comment       0x00000000       0x71 ..\obj\usbh_core.o
 .comment       0x00000000       0x71 ..\obj\stm32f4xx_gpio.o
 .comment       0x00000000       0x71 ..\obj\stm32_ub_font.o
 .comment       0x00000000       0x71 ..\obj\system_stm32f4xx.o
 .comment       0x00000000       0x71 ..\obj\stm32_ub_spi5.o
 .comment       0x00000000       0x71 ..\obj\usbh_usr.o
 .comment       0x00000000       0x71 ..\obj\usb_bsp.o
 .comment       0x00000000       0x71 ..\obj\stm32f4xx_fmc.o
 .comment       0x00000000       0x71 ..\obj\usb_hcd.o
 .comment       0x00000000       0x71 ..\obj\stm32f4xx_spi.o
 .comment       0x00000000       0x71 ..\obj\stm32f4xx_i2c.o
 .comment       0x00000000       0x71 ..\obj\usbh_ioreq.o
 .comment       0x00000000       0x71 ..\obj\misc.o
 .comment       0x00000000       0x71 ..\obj\stm32_ub_touch_stmpe811.o
 .comment       0x00000000       0x71 ..\obj\usbh_hid_keybd.o
 .comment       0x00000000       0x71 ..\obj\stm32f4xx_tim.o
 .comment       0x00000000       0x71 ..\obj\usb_hcd_int.o

.ARM.attributes
                0x00000000       0x33
 .ARM.attributes
                0x00000000       0x33 ..\obj\blinky.o
 .ARM.attributes
                0x00000033       0x33 ..\obj\usb_core.o
 .ARM.attributes
                0x00000066       0x33 ..\obj\stm32_ub_sdram.o
 .ARM.attributes
                0x00000099       0x33 ..\obj\stm32_ub_usb_hid_host.o
 .ARM.attributes
                0x000000cc       0x33 ..\obj\stm32_ub_i2c3.o
 .ARM.attributes
                0x000000ff       0x33 ..\obj\usbh_hcs.o
 .ARM.attributes
                0x00000132       0x33 ..\obj\stm32f4xx_usart.o
 .ARM.attributes
                0x00000165       0x33 ..\obj\usbh_stdreq.o
 .ARM.attributes
                0x00000198       0x33 ..\obj\pacman.o
 .ARM.attributes
                0x000001cb       0x33 ..\obj\stm32f4xx_ltdc.o
 .ARM.attributes
                0x000001fe       0x33 ..\obj\startup_stm32f4xx.o
 .ARM.attributes
                0x00000231       0x33 ..\obj\usbh_hid_mouse.o
 .ARM.attributes
                0x00000264       0x33 ..\obj\gui.o
 .ARM.attributes
                0x00000297       0x33 ..\obj\main.o
 .ARM.attributes
                0x000002ca       0x33 ..\obj\stm32f4xx_rcc.o
 .ARM.attributes
                0x000002fd       0x33 ..\obj\stm32_ub_systick.o
 .ARM.attributes
                0x00000330       0x33 ..\obj\printf.o
 .ARM.attributes
                0x00000363       0x33 ..\obj\usbh_hid_core.o
 .ARM.attributes
                0x00000396       0x33 ..\obj\stm32_ub_button.o
 .ARM.attributes
                0x000003c9       0x33 ..\obj\ub_font_arial_7x10.o
 .ARM.attributes
                0x000003fc       0x33 ..\obj\stm32_ub_uart.o
 .ARM.attributes
                0x0000042f       0x33 ..\obj\stm32_ub_lcd_ili9341.o
 .ARM.attributes
                0x00000462       0x33 ..\obj\usbh_core.o
 .ARM.attributes
                0x00000495       0x33 ..\obj\stm32f4xx_gpio.o
 .ARM.attributes
                0x000004c8       0x33 ..\obj\stm32_ub_font.o
 .ARM.attributes
                0x000004fb       0x33 ..\obj\system_stm32f4xx.o
 .ARM.attributes
                0x0000052e       0x33 ..\obj\stm32_ub_spi5.o
 .ARM.attributes
                0x00000561       0x33 ..\obj\usbh_usr.o
 .ARM.attributes
                0x00000594       0x33 ..\obj\usb_bsp.o
 .ARM.attributes
                0x000005c7       0x33 ..\obj\stm32f4xx_fmc.o
 .ARM.attributes
                0x000005fa       0x33 ..\obj\usb_hcd.o
 .ARM.attributes
                0x0000062d       0x33 ..\obj\stm32f4xx_spi.o
 .ARM.attributes
                0x00000660       0x33 ..\obj\stm32f4xx_i2c.o
 .ARM.attributes
                0x00000693       0x33 ..\obj\usbh_ioreq.o
 .ARM.attributes
                0x000006c6       0x33 ..\obj\misc.o
 .ARM.attributes
                0x000006f9       0x33 ..\obj\stm32_ub_touch_stmpe811.o
 .ARM.attributes
                0x0000072c       0x33 ..\obj\usbh_hid_keybd.o
 .ARM.attributes
                0x0000075f       0x33 ..\obj\stm32f4xx_tim.o
 .ARM.attributes
                0x00000792       0x33 ..\obj\usb_hcd_int.o
 .ARM.attributes
                0x000007c5       0x2e c:/program files (x86)/gnu tools arm embedded/4.7 2012q4/bin/../lib/gcc/arm-none-eabi/4.7.3/../../../../arm-none-eabi/lib/armv7e-m\libg.a(lib_a-strstr.o)
 .ARM.attributes
                0x000007f3       0x2e c:/program files (x86)/gnu tools arm embedded/4.7 2012q4/bin/../lib/gcc/arm-none-eabi/4.7.3/../../../../arm-none-eabi/lib/armv7e-m\libg.a(lib_a-memchr.o)
 .ARM.attributes
                0x00000821       0x2e c:/program files (x86)/gnu tools arm embedded/4.7 2012q4/bin/../lib/gcc/arm-none-eabi/4.7.3/../../../../arm-none-eabi/lib/armv7e-m\libg.a(lib_a-memcmp.o)
 .ARM.attributes
                0x0000084f       0x2e c:/program files (x86)/gnu tools arm embedded/4.7 2012q4/bin/../lib/gcc/arm-none-eabi/4.7.3/../../../../arm-none-eabi/lib/armv7e-m\libg.a(lib_a-strchr.o)

.debug_frame    0x00000000     0x46e4
 .debug_frame   0x00000000       0xa0 ..\obj\blinky.o
 .debug_frame   0x000000a0      0x370 ..\obj\usb_core.o
 .debug_frame   0x00000410      0x194 ..\obj\stm32_ub_sdram.o
 .debug_frame   0x000005a4       0xa0 ..\obj\stm32_ub_usb_hid_host.o
 .debug_frame   0x00000644       0xcc ..\obj\stm32_ub_i2c3.o
 .debug_frame   0x00000710       0xc4 ..\obj\usbh_hcs.o
 .debug_frame   0x000007d4      0x344 ..\obj\stm32f4xx_usart.o
 .debug_frame   0x00000b18      0x1bc ..\obj\usbh_stdreq.o
 .debug_frame   0x00000cd4       0xbc ..\obj\pacman.o
 .debug_frame   0x00000d90      0x358 ..\obj\stm32f4xx_ltdc.o
 .debug_frame   0x000010e8       0x48 ..\obj\startup_stm32f4xx.o
 .debug_frame   0x00001130       0x4c ..\obj\usbh_hid_mouse.o
 .debug_frame   0x0000117c      0x2c0 ..\obj\gui.o
 .debug_frame   0x0000143c       0x30 ..\obj\main.o
 .debug_frame   0x0000146c      0x5b8 ..\obj\stm32f4xx_rcc.o
 .debug_frame   0x00001a24       0xc4 ..\obj\stm32_ub_systick.o
 .debug_frame   0x00001ae8      0x244 ..\obj\printf.o
 .debug_frame   0x00001d2c      0x14c ..\obj\usbh_hid_core.o
 .debug_frame   0x00001e78      0x104 ..\obj\stm32_ub_button.o
 .debug_frame   0x00001f7c      0x1ec ..\obj\stm32_ub_uart.o
 .debug_frame   0x00002168      0x2ac ..\obj\stm32_ub_lcd_ili9341.o
 .debug_frame   0x00002414      0x124 ..\obj\usbh_core.o
 .debug_frame   0x00002538      0x19c ..\obj\stm32f4xx_gpio.o
 .debug_frame   0x000026d4       0x90 ..\obj\stm32_ub_font.o
 .debug_frame   0x00002764       0x64 ..\obj\system_stm32f4xx.o
 .debug_frame   0x000027c8       0x50 ..\obj\stm32_ub_spi5.o
 .debug_frame   0x00002818      0x2a0 ..\obj\usbh_usr.o
 .debug_frame   0x00002ab8       0xe8 ..\obj\usb_bsp.o
 .debug_frame   0x00002ba0      0x300 ..\obj\stm32f4xx_fmc.o
 .debug_frame   0x00002ea0      0x138 ..\obj\usb_hcd.o
 .debug_frame   0x00002fd8      0x2d0 ..\obj\stm32f4xx_spi.o
 .debug_frame   0x000032a8      0x3ec ..\obj\stm32f4xx_i2c.o
 .debug_frame   0x00003694      0x16c ..\obj\usbh_ioreq.o
 .debug_frame   0x00003800       0x9c ..\obj\misc.o
 .debug_frame   0x0000389c      0x148 ..\obj\stm32_ub_touch_stmpe811.o
 .debug_frame   0x000039e4       0x4c ..\obj\usbh_hid_keybd.o
 .debug_frame   0x00003a30      0xa3c ..\obj\stm32f4xx_tim.o
 .debug_frame   0x0000446c      0x16c ..\obj\usb_hcd_int.o
 .debug_frame   0x000045d8       0x88 c:/program files (x86)/gnu tools arm embedded/4.7 2012q4/bin/../lib/gcc/arm-none-eabi/4.7.3/../../../../arm-none-eabi/lib/armv7e-m\libg.a(lib_a-strstr.o)
 .debug_frame   0x00004660       0x2c c:/program files (x86)/gnu tools arm embedded/4.7 2012q4/bin/../lib/gcc/arm-none-eabi/4.7.3/../../../../arm-none-eabi/lib/armv7e-m\libg.a(lib_a-memchr.o)
 .debug_frame   0x0000468c       0x2c c:/program files (x86)/gnu tools arm embedded/4.7 2012q4/bin/../lib/gcc/arm-none-eabi/4.7.3/../../../../arm-none-eabi/lib/armv7e-m\libg.a(lib_a-memcmp.o)
 .debug_frame   0x000046b8       0x2c c:/program files (x86)/gnu tools arm embedded/4.7 2012q4/bin/../lib/gcc/arm-none-eabi/4.7.3/../../../../arm-none-eabi/lib/armv7e-m\libg.a(lib_a-strchr.o)
